Archive member included to satisfy reference by file (symbol)

C:/Program Files/SEGGER/SEGGER Embedded Studio for ARM 4.12/lib/libc_v7em_fpv4_sp_d16_hard_t_le_eabi.a(libc2.o)
                              Output/twi_scanner_pca10040 Release/Obj/nrf_log_str_formatter.o (isprint)
C:/Program Files/SEGGER/SEGGER Embedded Studio for ARM 4.12/lib/libc_v7em_fpv4_sp_d16_hard_t_le_eabi.a(libc2_asm.o)
                              Output/twi_scanner_pca10040 Release/Obj/nrf_log_frontend.o (memcpy)
C:/Program Files/SEGGER/SEGGER Embedded Studio for ARM 4.12/lib/libc_v7em_fpv4_sp_d16_hard_t_le_eabi.a(libc.o)
                              C:/Program Files/SEGGER/SEGGER Embedded Studio for ARM 4.12/lib/libc_v7em_fpv4_sp_d16_hard_t_le_eabi.a(libc2.o) (__heap_lock)
C:/Program Files/SEGGER/SEGGER Embedded Studio for ARM 4.12/lib/libc_v7em_fpv4_sp_d16_hard_t_le_eabi.a(libc_asm.o)
                              C:/Program Files/SEGGER/SEGGER Embedded Studio for ARM 4.12/lib/libc_v7em_fpv4_sp_d16_hard_t_le_eabi.a(libc2.o) (__aeabi_uldivmod)
C:/Program Files/SEGGER/SEGGER Embedded Studio for ARM 4.12/lib/libdebugio_v7em_fpv4_sp_d16_hard_t_le_eabi.a(libdebugio.o)
                              Output/twi_scanner_pca10040 Release/Obj/thumb_crt0.o (debug_fopen)
C:/Program Files/SEGGER/SEGGER Embedded Studio for ARM 4.12/lib/libdebugio_mempoll_v7em_fpv4_sp_d16_hard_t_le_eabi.a(mempoll_debug_operations.o)
                              C:/Program Files/SEGGER/SEGGER Embedded Studio for ARM 4.12/lib/libdebugio_v7em_fpv4_sp_d16_hard_t_le_eabi.a(libdebugio.o) (__do_debug_operation)
C:/Program Files/SEGGER/SEGGER Embedded Studio for ARM 4.12/lib/libdebugio_mempoll_v7em_fpv4_sp_d16_hard_t_le_eabi.a(do_nv_debug_operation.o)
                              C:/Program Files/SEGGER/SEGGER Embedded Studio for ARM 4.12/lib/libdebugio_v7em_fpv4_sp_d16_hard_t_le_eabi.a(libdebugio.o) (__do_nvdebug_operation)
C:/Program Files/SEGGER/SEGGER Embedded Studio for ARM 4.12/lib/libm_v7em_fpv4_sp_d16_hard_t_le_eabi.a(libm_asm.o)
                              C:/Program Files/SEGGER/SEGGER Embedded Studio for ARM 4.12/lib/libc_v7em_fpv4_sp_d16_hard_t_le_eabi.a(libc2.o) (__aeabi_i2d)
C:/Program Files/SEGGER/SEGGER Embedded Studio for ARM 4.12/lib/libm_v7em_fpv4_sp_d16_hard_t_le_eabi.a(libm2.o)
                              C:/Program Files/SEGGER/SEGGER Embedded Studio for ARM 4.12/lib/libvfprintf_v7em_fpv4_sp_d16_hard_t_le_eabi.o (frexp)
C:/Program Files/SEGGER/SEGGER Embedded Studio for ARM 4.12/lib/libm_v7em_fpv4_sp_d16_hard_t_le_eabi.a(libm2_asm.o)
                              C:/Program Files/SEGGER/SEGGER Embedded Studio for ARM 4.12/lib/libm_v7em_fpv4_sp_d16_hard_t_le_eabi.a(libm2.o) (fabs)

Discarded input sections

 .text          0x0000000000000000        0x0 Output/twi_scanner_pca10040 Release/Obj/thumb_crt0.o
 .data          0x0000000000000000        0x0 Output/twi_scanner_pca10040 Release/Obj/thumb_crt0.o
 .bss           0x0000000000000000        0x0 Output/twi_scanner_pca10040 Release/Obj/thumb_crt0.o
 .text.__aeabi_read_tp
                0x0000000000000000        0x8 Output/twi_scanner_pca10040 Release/Obj/thumb_crt0.o
 .text.abort    0x0000000000000000        0x2 Output/twi_scanner_pca10040 Release/Obj/thumb_crt0.o
 .text.__assert
                0x0000000000000000        0x2 Output/twi_scanner_pca10040 Release/Obj/thumb_crt0.o
 .text.__aeabi_assert
                0x0000000000000000        0x2 Output/twi_scanner_pca10040 Release/Obj/thumb_crt0.o
 .text.__sync_synchronize
                0x0000000000000000        0x2 Output/twi_scanner_pca10040 Release/Obj/thumb_crt0.o
 .text.__getchar
                0x0000000000000000        0x4 Output/twi_scanner_pca10040 Release/Obj/thumb_crt0.o
 .text.__putchar
                0x0000000000000000        0x4 Output/twi_scanner_pca10040 Release/Obj/thumb_crt0.o
 .text.__open   0x0000000000000000        0x4 Output/twi_scanner_pca10040 Release/Obj/thumb_crt0.o
 .text.__close  0x0000000000000000        0x4 Output/twi_scanner_pca10040 Release/Obj/thumb_crt0.o
 .text.__write  0x0000000000000000        0xa Output/twi_scanner_pca10040 Release/Obj/thumb_crt0.o
 .text.__read   0x0000000000000000        0xa Output/twi_scanner_pca10040 Release/Obj/thumb_crt0.o
 .text.__seek   0x0000000000000000       0x1a Output/twi_scanner_pca10040 Release/Obj/thumb_crt0.o
 .bss.__user_locale_name_buffer
                0x0000000000000000        0x4 Output/twi_scanner_pca10040 Release/Obj/thumb_crt0.o
 .stack         0x0000000000000000        0x0 Output/twi_scanner_pca10040 Release/Obj/thumb_crt0.o
 .stack_process
                0x0000000000000000        0x0 Output/twi_scanner_pca10040 Release/Obj/thumb_crt0.o
 .heap          0x0000000000000000        0x0 Output/twi_scanner_pca10040 Release/Obj/thumb_crt0.o
 .group         0x0000000000000000        0xc Output/twi_scanner_pca10040 Release/Obj/nrf_log_backend_rtt.o
 .group         0x0000000000000000        0xc Output/twi_scanner_pca10040 Release/Obj/nrf_log_backend_rtt.o
[...]
Memory Configuration

Name             Origin             Length             Attributes
UNPLACED_SECTIONS 0x0000000100000000 0x0000000000000000 xw
RAM              0x0000000020000000 0x0000000000010000 xw
FLASH            0x0000000000000000 0x0000000000080000 xw
*default*        0x0000000000000000 0xffffffffffffffff

Linker script and memory map

                0x0000000000000000                __vfprintf = __vfprintf_long
                0x0000000000000000                __vfscanf = __vfscanf_int
                0x0000000020000000                __RAM_segment_start__ = 0x20000000
                0x0000000020010000                __RAM_segment_end__ = 0x20010000
                0x0000000000010000                __RAM_segment_size__ = 0x10000
                0x0000000000000000                __FLASH_segment_start__ = 0x0
                0x0000000000080000                __FLASH_segment_end__ = 0x80000
                0x0000000000080000                __FLASH_segment_size__ = 0x80000
                0x0000000000002000                __HEAPSIZE__ = 0x2000
                0x0000000000000000                __STACKSIZE_PROCESS__ = 0x0
                0x0000000000002000                __STACKSIZE__ = 0x2000
                0x0000000020000000                __vectors_ram_load_start__ = 0x20000000

.vectors_ram    0x0000000020000000        0x0
                0x0000000020000000                __vectors_ram_start__ = .
                0x0000000020000000                __app_ram_start__ = __vectors_ram_start__
 *(.vectors_ram .vectors_ram.*)
                0x0000000020000000                __vectors_ram_end__ = (__vectors_ram_start__ + SIZEOF (.vectors_ram))
                0x0000000000000000                __vectors_ram_size__ = SIZEOF (.vectors_ram)
                0x0000000020000000                __vectors_ram_load_end__ = __vectors_ram_end__
                0x0000000000000001                . = ASSERT (((__vectors_ram_start__ == __vectors_ram_end__) || ((__vectors_ram_end__ >= __RAM_segment_start__) && (__vectors_ram_end__ <= __RAM_segment_end__))), error: .vectors_ram is too large to fit in RAM memory segment)
                0x0000000020000000                __nrf_sections_run_load_start__ = ALIGN (__vectors_ram_end__, 0x4)

.nrf_sections_run
                0x0000000020000000        0x0
                0x0000000020000000                __nrf_sections_run_start__ = .
                0x0000000020000000                __start_nrf_sections_run = __nrf_sections_run_start__
 *(.nrf_sections_run .nrf_sections_run.*)
                0x0000000020000000                __nrf_sections_run_end__ = (__nrf_sections_run_start__ + SIZEOF (.nrf_sections_run))
                0x0000000000000000                __nrf_sections_run_size__ = SIZEOF (.nrf_sections_run)
                0x0000000020000000                __nrf_sections_run_load_end__ = __nrf_sections_run_end__
                0x0000000000000001                . = ASSERT (((__nrf_sections_run_start__ == __nrf_sections_run_end__) || ((__nrf_sections_run_end__ >= __RAM_segment_start__) && (__nrf_sections_run_end__ <= __RAM_segment_end__))), error: .nrf_sections_run is too large to fit in RAM memory segment)
                0x0000000000000000                __vectors_load_start__ = 0x0

.vectors        0x0000000000000000      0x200
                0x0000000000000000                __vectors_start__ = .
 *(.vectors .vectors.*)
 .vectors       0x0000000000000000      0x200 Output/twi_scanner_pca10040 Release/Obj/ses_startup_nrf52.o
                0x0000000000000000                _vectors
                0x0000000000000200                __vectors_end__ = (__vectors_start__ + SIZEOF (.vectors))
                0x0000000000000200                __vectors_size__ = SIZEOF (.vectors)
                0x0000000000000200                __vectors_load_end__ = __vectors_end__
                0x0000000000000001                . = ASSERT (((__vectors_start__ == __vectors_end__) || ((__vectors_end__ >= __FLASH_segment_start__) && (__vectors_end__ <= __FLASH_segment_end__))), error: .vectors is too large to fit in FLASH memory segment)
                0x0000000000000200                __init_load_start__ = ALIGN (__vectors_end__, 0x4)

.init           0x0000000000000200      0x1d8
                0x0000000000000200                __init_start__ = .
 *(.init .init.*)
 .init          0x0000000000000200      0x160 Output/twi_scanner_pca10040 Release/Obj/thumb_crt0.o
                0x0000000000000200                _start
                0x00000000000002b6                exit
 .init          0x0000000000000360       0x18 Output/twi_scanner_pca10040 Release/Obj/ses_startup_nrf52.o
                0x0000000000000360                NMI_Handler
                0x0000000000000362                HardFault_Handler
                0x0000000000000364                MemoryManagement_Handler
                0x0000000000000366                BusFault_Handler
                0x0000000000000368                UsageFault_Handler
                0x000000000000036a                SVC_Handler
                0x000000000000036c                DebugMon_Handler
                0x000000000000036e                PendSV_Handler
                0x0000000000000370                SysTick_Handler
                0x0000000000000372                PWM1_IRQHandler
                0x0000000000000372                GPIOTE_IRQHandler
                0x0000000000000372                SWI0_EGU0_IRQHandler
                0x0000000000000372                POWER_CLOCK_IRQHandler
                0x0000000000000372                RADIO_IRQHandler
                0x0000000000000372                PDM_IRQHandler
                0x0000000000000372                TEMP_IRQHandler
                0x0000000000000372                RTC0_IRQHandler
                0x0000000000000372                TIMER3_IRQHandler
                0x0000000000000372                FPU_IRQHandler
                0x0000000000000372                SWI2_EGU2_IRQHandler
                0x0000000000000372                TIMER4_IRQHandler
                0x0000000000000372                I2S_IRQHandler
                0x0000000000000372                SWI4_EGU4_IRQHandler
                0x0000000000000372                TIMER0_IRQHandler
                0x0000000000000372                Dummy_Handler
                0x0000000000000372                TIMER1_IRQHandler
                0x0000000000000372                PWM2_IRQHandler
                0x0000000000000372                ECB_IRQHandler
                0x0000000000000372                SAADC_IRQHandler
                0x0000000000000372                CCM_AAR_IRQHandler
                0x0000000000000372                WDT_IRQHandler
                0x0000000000000372                QDEC_IRQHandler
                0x0000000000000372                SWI5_EGU5_IRQHandler
                0x0000000000000372                RNG_IRQHandler
                0x0000000000000372                RTC2_IRQHandler
                0x0000000000000372                PWM0_IRQHandler
                0x0000000000000372                SWI3_EGU3_IRQHandler
                0x0000000000000372                RTC1_IRQHandler
                0x0000000000000372                SWI1_EGU1_IRQHandler
                0x0000000000000372                SPIM2_SPIS2_SPI2_IRQHandler
                0x0000000000000372                NFCT_IRQHandler
                0x0000000000000372                TIMER2_IRQHandler
                0x0000000000000372                MWU_IRQHandler
                0x0000000000000372                COMP_LPCOMP_IRQHandler
                0x0000000000000374                nRFInitialize
 .init          0x0000000000000378       0x60 Output/twi_scanner_pca10040 Release/Obj/ses_startup_nrf_common.o
                0x0000000000000378                Reset_Handler
                0x00000000000003a0                InitializeUserMemorySections
                0x00000000000003d8                __init_end__ = (__init_start__ + SIZEOF (.init))
                0x00000000000001d8                __init_size__ = SIZEOF (.init)
                0x00000000000003d8                __init_load_end__ = __init_end__
                0x0000000000000001                . = ASSERT (((__init_start__ == __init_end__) || ((__init_end__ >= __FLASH_segment_start__) && (__init_end__ <= __FLASH_segment_end__))), error: .init is too large to fit in FLASH memory segment)
                0x00000000000003d8                __init_rodata_load_start__ = ALIGN (__init_end__, 0x4)

.init_rodata    0x00000000000003d8        0x0
                0x00000000000003d8                __init_rodata_start__ = .
 *(.init_rodata .init_rodata.*)
                0x00000000000003d8                __init_rodata_end__ = (__init_rodata_start__ + SIZEOF (.init_rodata))
                0x0000000000000000                __init_rodata_size__ = SIZEOF (.init_rodata)
                0x00000000000003d8                __init_rodata_load_end__ = __init_rodata_end__
                0x0000000000000001                . = ASSERT (((__init_rodata_start__ == __init_rodata_end__) || ((__init_rodata_end__ >= __FLASH_segment_start__) && (__init_rodata_end__ <= __FLASH_segment_end__))), error: .init_rodata is too large to fit in FLASH memory segment)
                0x00000000000003d8                __text_load_start__ = ALIGN (__init_rodata_end__, 0x4)

.text           0x00000000000003d8     0x1d8e
                0x00000000000003d8                __text_start__ = .
 *(.text .text.* .glue_7t .glue_7 .gnu.linkonce.t.* .gcc_except_table .ARM.extab* .gnu.linkonce.armextab.*)
 .glue_7        0x00000000000003d8        0x0 linker stubs
 .glue_7t       0x00000000000003d8        0x0 linker stubs
 .text.nrf_log_backend_rtt_flush
                0x00000000000003d8        0x2 Output/twi_scanner_pca10040 Release/Obj/nrf_log_backend_rtt.o
 *fill*         0x00000000000003da        0x2 
 .text.nrf_log_backend_rtt_put
                0x00000000000003dc       0x1c Output/twi_scanner_pca10040 Release/Obj/nrf_log_backend_rtt.o
 .text.serial_tx
                0x00000000000003f8       0x50 Output/twi_scanner_pca10040 Release/Obj/nrf_log_backend_rtt.o
 .text.nrf_log_backend_rtt_panic_set
                0x0000000000000448        0x2 Output/twi_scanner_pca10040 Release/Obj/nrf_log_backend_rtt.o
 .text.nrf_log_backend_rtt_init
                0x000000000000044a        0x4 Output/twi_scanner_pca10040 Release/Obj/nrf_log_backend_rtt.o
                0x000000000000044a                nrf_log_backend_rtt_init
 .text.nrf_log_backend_serial_put
                0x000000000000044e       0xcc Output/twi_scanner_pca10040 Release/Obj/nrf_log_backend_serial.o
                0x000000000000044e                nrf_log_backend_serial_put
 *fill*         0x000000000000051a        0x2 
 .text.nrf_log_default_backends_init
                0x000000000000051c       0x20 Output/twi_scanner_pca10040 Release/Obj/nrf_log_default_backends.o
                0x000000000000051c                nrf_log_default_backends_init
 .text.invalid_packets_omit
                0x000000000000053c       0x3a Output/twi_scanner_pca10040 Release/Obj/nrf_log_frontend.o
 *fill*         0x0000000000000576        0x2 
 .text.buf_prealloc
                0x0000000000000578      0x12c Output/twi_scanner_pca10040 Release/Obj/nrf_log_frontend.o
 .text.nrf_log_init
                0x00000000000006a4       0x3c Output/twi_scanner_pca10040 Release/Obj/nrf_log_frontend.o
                0x00000000000006a4                nrf_log_init
 .text.nrf_log_module_name_get
                0x00000000000006e0       0x38 Output/twi_scanner_pca10040 Release/Obj/nrf_log_frontend.o
                0x00000000000006e0                nrf_log_module_name_get
 .text.nrf_log_color_id_get
                0x0000000000000718       0x2c Output/twi_scanner_pca10040 Release/Obj/nrf_log_frontend.o
                0x0000000000000718                nrf_log_color_id_get
 .text.buffer_is_empty
                0x0000000000000744       0x14 Output/twi_scanner_pca10040 Release/Obj/nrf_log_frontend.o
                0x0000000000000744                buffer_is_empty
 .text.nrf_log_frontend_dequeue
                0x0000000000000758      0x220 Output/twi_scanner_pca10040 Release/Obj/nrf_log_frontend.o
                0x0000000000000758                nrf_log_frontend_dequeue
 .text.std_n    0x0000000000000978       0xb0 Output/twi_scanner_pca10040 Release/Obj/nrf_log_frontend.o
 .text.nrf_log_frontend_std_0
                0x0000000000000a28        0x8 Output/twi_scanner_pca10040 Release/Obj/nrf_log_frontend.o
                0x0000000000000a28                nrf_log_frontend_std_0
 .text.nrf_log_frontend_std_1
                0x0000000000000a30       0x14 Output/twi_scanner_pca10040 Release/Obj/nrf_log_frontend.o
                0x0000000000000a30                nrf_log_frontend_std_1
 .text.nrf_log_backend_add
                0x0000000000000a44       0x44 Output/twi_scanner_pca10040 Release/Obj/nrf_log_frontend.o
                0x0000000000000a44                nrf_log_backend_add
 .text.nrf_log_panic
                0x0000000000000a88       0x2c Output/twi_scanner_pca10040 Release/Obj/nrf_log_frontend.o
                0x0000000000000a88                nrf_log_panic
 .text.postfix_process
                0x0000000000000ab4       0x3c Output/twi_scanner_pca10040 Release/Obj/nrf_log_str_formatter.o
 .text.prefix_process
                0x0000000000000af0       0x78 Output/twi_scanner_pca10040 Release/Obj/nrf_log_str_formatter.o
 .text.nrf_log_std_entry_process
                0x0000000000000b68       0xc8 Output/twi_scanner_pca10040 Release/Obj/nrf_log_str_formatter.o
                0x0000000000000b68                nrf_log_std_entry_process
 .text.nrf_log_hexdump_entry_process
                0x0000000000000c30       0xac Output/twi_scanner_pca10040 Release/Obj/nrf_log_str_formatter.o
                0x0000000000000c30                nrf_log_hexdump_entry_process
 .text.app_error_handler_bare
                0x0000000000000cdc       0x1a Output/twi_scanner_pca10040 Release/Obj/app_error.o
                0x0000000000000cdc                app_error_handler_bare
 *fill*         0x0000000000000cf6        0x2 
 .text.app_error_fault_handler
                0x0000000000000cf8       0x70 Output/twi_scanner_pca10040 Release/Obj/app_error_weak.o
                0x0000000000000cf8                app_error_fault_handler
 .text.app_util_disable_irq
                0x0000000000000d68       0x10 Output/twi_scanner_pca10040 Release/Obj/app_util_platform.o
                0x0000000000000d68                app_util_disable_irq
 .text.app_util_enable_irq
                0x0000000000000d78       0x14 Output/twi_scanner_pca10040 Release/Obj/app_util_platform.o
                0x0000000000000d78                app_util_enable_irq
 .text.app_util_critical_region_enter
                0x0000000000000d8c        0x4 Output/twi_scanner_pca10040 Release/Obj/app_util_platform.o
                0x0000000000000d8c                app_util_critical_region_enter
 .text.app_util_critical_region_exit
                0x0000000000000d90        0x4 Output/twi_scanner_pca10040 Release/Obj/app_util_platform.o
                0x0000000000000d90                app_util_critical_region_exit
 .text.nrf_atomic_u32_fetch_store
                0x0000000000000d94       0x14 Output/twi_scanner_pca10040 Release/Obj/nrf_atomic.o
                0x0000000000000d94                nrf_atomic_u32_fetch_store
 .text.nrf_atomic_u32_or
                0x0000000000000da8       0x16 Output/twi_scanner_pca10040 Release/Obj/nrf_atomic.o
                0x0000000000000da8                nrf_atomic_u32_or
 .text.nrf_atomic_u32_fetch_and
                0x0000000000000dbe       0x16 Output/twi_scanner_pca10040 Release/Obj/nrf_atomic.o
                0x0000000000000dbe                nrf_atomic_u32_fetch_and
 .text.nrf_atomic_u32_add
                0x0000000000000dd4       0x16 Output/twi_scanner_pca10040 Release/Obj/nrf_atomic.o
                0x0000000000000dd4                nrf_atomic_u32_add
 .text.nrf_atomic_u32_sub
                0x0000000000000dea       0x16 Output/twi_scanner_pca10040 Release/Obj/nrf_atomic.o
                0x0000000000000dea                nrf_atomic_u32_sub
 .text.nrf_atomic_flag_set
                0x0000000000000e00        0x6 Output/twi_scanner_pca10040 Release/Obj/nrf_atomic.o
                0x0000000000000e00                nrf_atomic_flag_set
 .text.nrf_atomic_flag_clear_fetch
                0x0000000000000e06        0x6 Output/twi_scanner_pca10040 Release/Obj/nrf_atomic.o
                0x0000000000000e06                nrf_atomic_flag_clear_fetch
 .text.nrf_balloc_init
                0x0000000000000e0c       0x2e Output/twi_scanner_pca10040 Release/Obj/nrf_balloc.o
                0x0000000000000e0c                nrf_balloc_init
 .text.nrf_balloc_alloc
                0x0000000000000e3a       0x40 Output/twi_scanner_pca10040 Release/Obj/nrf_balloc.o
                0x0000000000000e3a                nrf_balloc_alloc
 .text.nrf_balloc_free
                0x0000000000000e7a       0x2a Output/twi_scanner_pca10040 Release/Obj/nrf_balloc.o
                0x0000000000000e7a                nrf_balloc_free
 .text.nrf_fprintf_buffer_flush
                0x0000000000000ea4       0x16 Output/twi_scanner_pca10040 Release/Obj/nrf_fprintf.o
                0x0000000000000ea4                nrf_fprintf_buffer_flush
 .text.nrf_fprintf
                0x0000000000000eba       0x1e Output/twi_scanner_pca10040 Release/Obj/nrf_fprintf.o
                0x0000000000000eba                nrf_fprintf
 .text.buffer_add
                0x0000000000000ed8       0x1e Output/twi_scanner_pca10040 Release/Obj/nrf_fprintf_format.o
 *fill*         0x0000000000000ef6        0x2 
 .text.unsigned_print
                0x0000000000000ef8       0xac Output/twi_scanner_pca10040 Release/Obj/nrf_fprintf_format.o
 .text.nrf_fprintf_fmt
                0x0000000000000fa4      0x28a Output/twi_scanner_pca10040 Release/Obj/nrf_fprintf_format.o
                0x0000000000000fa4                nrf_fprintf_fmt
 .text.memobj_op
                0x000000000000122e       0x82 Output/twi_scanner_pca10040 Release/Obj/nrf_memobj.o
 .text.nrf_memobj_pool_init
                0x00000000000012b0        0x4 Output/twi_scanner_pca10040 Release/Obj/nrf_memobj.o
                0x00000000000012b0                nrf_memobj_pool_init
 .text.nrf_memobj_free
                0x00000000000012b4       0x2c Output/twi_scanner_pca10040 Release/Obj/nrf_memobj.o
                0x00000000000012b4                nrf_memobj_free
 .text.nrf_memobj_alloc
                0x00000000000012e0       0x5e Output/twi_scanner_pca10040 Release/Obj/nrf_memobj.o
                0x00000000000012e0                nrf_memobj_alloc
 .text.nrf_memobj_get
                0x000000000000133e        0x8 Output/twi_scanner_pca10040 Release/Obj/nrf_memobj.o
                0x000000000000133e                nrf_memobj_get
 .text.nrf_memobj_put
                0x0000000000001346       0x1e Output/twi_scanner_pca10040 Release/Obj/nrf_memobj.o
                0x0000000000001346                nrf_memobj_put
 .text.nrf_memobj_write
                0x0000000000001364       0x16 Output/twi_scanner_pca10040 Release/Obj/nrf_memobj.o
                0x0000000000001364                nrf_memobj_write
 .text.nrf_memobj_read
                0x000000000000137a       0x16 Output/twi_scanner_pca10040 Release/Obj/nrf_memobj.o
                0x000000000000137a                nrf_memobj_read
 .text.nrf_ringbuf_init
                0x0000000000001390       0x12 Output/twi_scanner_pca10040 Release/Obj/nrf_ringbuf.o
                0x0000000000001390                nrf_ringbuf_init
 *fill*         0x00000000000013a2        0x2 
 .text.twim_evt_handler
                0x00000000000013a4       0x48 Output/twi_scanner_pca10040 Release/Obj/nrf_drv_twi.o
 .text.nrfx_coredep_delay_us.constprop.1
                0x00000000000013ec       0x10 Output/twi_scanner_pca10040 Release/Obj/nrf_drv_twi.o
 .text.nrf_drv_twi_init
                0x00000000000013fc       0xe0 Output/twi_scanner_pca10040 Release/Obj/nrf_drv_twi.o
                0x00000000000013fc                nrf_drv_twi_init
 .text.UARTE0_UART0_IRQHandler
                0x00000000000014dc        0xc Output/twi_scanner_pca10040 Release/Obj/nrfx_prs.o
                0x00000000000014dc                UARTE0_UART0_IRQHandler
 .text.nrfx_prs_acquire
                0x00000000000014e8       0x34 Output/twi_scanner_pca10040 Release/Obj/nrfx_prs.o
                0x00000000000014e8                nrfx_prs_acquire
 .text.nrf_twim_event_clear
                0x000000000000151c       0x10 Output/twi_scanner_pca10040 Release/Obj/nrfx_twim.o
 .text.twim_irq_handler
                0x000000000000152c      0x124 Output/twi_scanner_pca10040 Release/Obj/nrfx_twim.o
 .text.SPIM0_SPIS0_TWIM0_TWIS0_SPI0_TWI0_IRQHandler
                0x0000000000001650       0x10 Output/twi_scanner_pca10040 Release/Obj/nrfx_twim.o
                0x0000000000001650                SPIM0_SPIS0_TWIM0_TWIS0_SPI0_TWI0_IRQHandler
 .text.SPIM1_SPIS1_TWIM1_TWIS1_SPI1_TWI1_IRQHandler
                0x0000000000001660       0x10 Output/twi_scanner_pca10040 Release/Obj/nrfx_twim.o
                0x0000000000001660                SPIM1_SPIS1_TWIM1_TWIS1_SPI1_TWI1_IRQHandler
 .text.nrfx_twim_init
                0x0000000000001670       0xf0 Output/twi_scanner_pca10040 Release/Obj/nrfx_twim.o
                0x0000000000001670                nrfx_twim_init
 .text.nrfx_twim_enable
                0x0000000000001760       0x20 Output/twi_scanner_pca10040 Release/Obj/nrfx_twim.o
                0x0000000000001760                nrfx_twim_enable
 .text.nrfx_twim_xfer
                0x0000000000001780      0x27c Output/twi_scanner_pca10040 Release/Obj/nrfx_twim.o
                0x0000000000001780                nrfx_twim_xfer
 .text.nrfx_twim_rx
                0x00000000000019fc       0x34 Output/twi_scanner_pca10040 Release/Obj/nrfx_twim.o
                0x00000000000019fc                nrfx_twim_rx
 .text.twi_init
                0x0000000000001a30       0x40 Output/twi_scanner_pca10040 Release/Obj/main.o
                0x0000000000001a30                twi_init
 .text.startup.main
                0x0000000000001a70       0x9c Output/twi_scanner_pca10040 Release/Obj/main.o
                0x0000000000001a70                main
 .text._GetAvailWriteSpace
                0x0000000000001b0c       0x1c Output/twi_scanner_pca10040 Release/Obj/SEGGER_RTT.o
 .text._WriteNoCheck
                0x0000000000001b28       0x3a Output/twi_scanner_pca10040 Release/Obj/SEGGER_RTT.o
 .text._WriteBlocking
                0x0000000000001b62       0x52 Output/twi_scanner_pca10040 Release/Obj/SEGGER_RTT.o
 .text._DoInit  0x0000000000001bb4       0x60 Output/twi_scanner_pca10040 Release/Obj/SEGGER_RTT.o
 .text.SEGGER_RTT_WriteNoLock
                0x0000000000001c14       0x68 Output/twi_scanner_pca10040 Release/Obj/SEGGER_RTT.o
                0x0000000000001c14                SEGGER_RTT_WriteNoLock
 .text.SEGGER_RTT_Init
                0x0000000000001c7c        0x4 Output/twi_scanner_pca10040 Release/Obj/SEGGER_RTT.o
                0x0000000000001c7c                SEGGER_RTT_Init
 .text.errata_12
                0x0000000000001c80       0x40 Output/twi_scanner_pca10040 Release/Obj/system_nrf52.o
 .text.errata_16
                0x0000000000001cc0       0x34 Output/twi_scanner_pca10040 Release/Obj/system_nrf52.o
 .text.SystemInit
                0x0000000000001cf4      0x25c Output/twi_scanner_pca10040 Release/Obj/system_nrf52.o
                0x0000000000001cf4                SystemInit
 .text.libc.__RAL_ascii_isctype
                0x0000000000001f50       0x1c C:/Program Files/SEGGER/SEGGER Embedded Studio for ARM 4.12/lib/libc_v7em_fpv4_sp_d16_hard_t_le_eabi.a(libc2.o)
 .text.libc.__RAL_ascii_toupper
                0x0000000000001f6c        0xc C:/Program Files/SEGGER/SEGGER Embedded Studio for ARM 4.12/lib/libc_v7em_fpv4_sp_d16_hard_t_le_eabi.a(libc2.o)
 .text.libc.__RAL_ascii_tolower
                0x0000000000001f78        0xc C:/Program Files/SEGGER/SEGGER Embedded Studio for ARM 4.12/lib/libc_v7em_fpv4_sp_d16_hard_t_le_eabi.a(libc2.o)
 .text.libc.__RAL_ascii_iswctype
                0x0000000000001f84       0x1c C:/Program Files/SEGGER/SEGGER Embedded Studio for ARM 4.12/lib/libc_v7em_fpv4_sp_d16_hard_t_le_eabi.a(libc2.o)
 .text.libc.__RAL_ascii_towupper
                0x0000000000001fa0        0xc C:/Program Files/SEGGER/SEGGER Embedded Studio for ARM 4.12/lib/libc_v7em_fpv4_sp_d16_hard_t_le_eabi.a(libc2.o)
 .text.libc.__RAL_ascii_towlower
                0x0000000000001fac        0xc C:/Program Files/SEGGER/SEGGER Embedded Studio for ARM 4.12/lib/libc_v7em_fpv4_sp_d16_hard_t_le_eabi.a(libc2.o)
 .text.libc.__RAL_ascii_wctomb
                0x0000000000001fb8        0xe C:/Program Files/SEGGER/SEGGER Embedded Studio for ARM 4.12/lib/libc_v7em_fpv4_sp_d16_hard_t_le_eabi.a(libc2.o)
                0x0000000000001fb8                __RAL_ascii_wctomb
 .text.libc.__RAL_ascii_mbtowc
                0x0000000000001fc6       0x24 C:/Program Files/SEGGER/SEGGER Embedded Studio for ARM 4.12/lib/libc_v7em_fpv4_sp_d16_hard_t_le_eabi.a(libc2.o)
                0x0000000000001fc6                __RAL_ascii_mbtowc
 *fill*         0x0000000000001fea        0x2 
 .text.libc.__RAL_isctype
                0x0000000000001fec       0x14 C:/Program Files/SEGGER/SEGGER Embedded Studio for ARM 4.12/lib/libc_v7em_fpv4_sp_d16_hard_t_le_eabi.a(libc2.o)
                0x0000000000001fec                __RAL_isctype
 .text.libc.isprint
                0x0000000000002000        0xa C:/Program Files/SEGGER/SEGGER Embedded Studio for ARM 4.12/lib/libc_v7em_fpv4_sp_d16_hard_t_le_eabi.a(libc2.o)
                0x0000000000002000                isprint
 .text.libc.memcpy
                0x000000000000200a       0x52 C:/Program Files/SEGGER/SEGGER Embedded Studio for ARM 4.12/lib/libc_v7em_fpv4_sp_d16_hard_t_le_eabi.a(libc2_asm.o)
                0x000000000000200a                __aeabi_memcpy
                0x000000000000200a                memcpy
                0x0000000000002016                __aeabi_memcpy8
                0x0000000000002016                __aeabi_memcpy4
 .text.libc.memset
                0x000000000000205c       0x66 C:/Program Files/SEGGER/SEGGER Embedded Studio for ARM 4.12/lib/libc_v7em_fpv4_sp_d16_hard_t_le_eabi.a(libc2_asm.o)
                0x000000000000205c                memset
 .text.libc.strcpy
                0x00000000000020c2       0x44 C:/Program Files/SEGGER/SEGGER Embedded Studio for ARM 4.12/lib/libc_v7em_fpv4_sp_d16_hard_t_le_eabi.a(libc2_asm.o)
                0x00000000000020c2                strcpy
 .text.libc.strlen
                0x0000000000002106       0x60 C:/Program Files/SEGGER/SEGGER Embedded Studio for ARM 4.12/lib/libc_v7em_fpv4_sp_d16_hard_t_le_eabi.a(libc2_asm.o)
                0x0000000000002106                strlen
                0x0000000000002166                __text_end__ = (__text_start__ + SIZEOF (.text))
                0x0000000000001d8e                __text_size__ = SIZEOF (.text)
                0x0000000000002166                __text_load_end__ = __text_end__

.vfp11_veneer   0x0000000100000000        0x0
 .vfp11_veneer  0x0000000100000000        0x0 linker stubs

.v4_bx          0x0000000100000000        0x0
 .v4_bx         0x0000000100000000        0x0 linker stubs

.iplt           0x0000000100000000        0x0
 .iplt          0x0000000100000000        0x0 Output/twi_scanner_pca10040 Release/Obj/thumb_crt0.o
                0x0000000000000001                . = ASSERT (((__text_start__ == __text_end__) || ((__text_end__ >= __FLASH_segment_start__) && (__text_end__ <= __FLASH_segment_end__))), error: .text is too large to fit in FLASH memory segment)
                0x0000000000002168                __log_const_data_load_start__ = ALIGN (__text_end__, 0x4)

.log_const_data
                0x0000000000002168       0x18
                0x0000000000002168                __log_const_data_start__ = .
                0x0000000000002168                __start_log_const_data = __log_const_data_start__
 *(SORT_BY_NAME(.log_const_data*))
 .log_const_data_PRS
                0x0000000000002168        0x8 Output/twi_scanner_pca10040 Release/Obj/nrfx_prs.o
                0x0000000000002168                m_nrf_log_PRS_logs_data_const
 .log_const_data_TWIM
                0x0000000000002170        0x8 Output/twi_scanner_pca10040 Release/Obj/nrfx_twim.o
                0x0000000000002170                m_nrf_log_TWIM_logs_data_const
 .log_const_data_app
                0x0000000000002178        0x8 Output/twi_scanner_pca10040 Release/Obj/nrf_log_frontend.o
                0x0000000000002178                m_nrf_log_app_logs_data_const
                0x0000000000002180                __log_const_data_end__ = (__log_const_data_start__ + SIZEOF (.log_const_data))
                0x0000000000000018                __log_const_data_size__ = SIZEOF (.log_const_data)
                0x0000000000002180                __stop_log_const_data = __log_const_data_end__
                0x0000000000002180                __log_const_data_load_end__ = __log_const_data_end__
                0x0000000000000001                . = ASSERT (((__log_const_data_start__ == __log_const_data_end__) || ((__log_const_data_end__ >= __FLASH_segment_start__) && (__log_const_data_end__ <= __FLASH_segment_end__))), error: .log_const_data is too large to fit in FLASH memory segment)
                0x0000000000002180                __log_backends_load_start__ = ALIGN (__log_const_data_end__, 0x4)

.log_backends   0x0000000000002180       0x10
                0x0000000000002180                __log_backends_start__ = .
                0x0000000000002180                __start_log_backends = __log_backends_start__
 *(SORT_BY_NAME(.log_backends*))
 .log_backends  0x0000000000002180       0x10 Output/twi_scanner_pca10040 Release/Obj/nrf_log_default_backends.o
                0x0000000000002190                __log_backends_end__ = (__log_backends_start__ + SIZEOF (.log_backends))
                0x0000000000000010                __log_backends_size__ = SIZEOF (.log_backends)
                0x0000000000002190                __stop_log_backends = __log_backends_end__
                0x0000000000002190                __log_backends_load_end__ = __log_backends_end__
                0x0000000000000001                . = ASSERT (((__log_backends_start__ == __log_backends_end__) || ((__log_backends_end__ >= __FLASH_segment_start__) && (__log_backends_end__ <= __FLASH_segment_end__))), error: .log_backends is too large to fit in FLASH memory segment)
                0x0000000000002190                __nrf_balloc_load_start__ = ALIGN (__log_backends_end__, 0x4)

.nrf_balloc     0x0000000000002190       0x14
                0x0000000000002190                __nrf_balloc_start__ = .
                0x0000000000002190                __start_nrf_balloc = __nrf_balloc_start__
 *(.nrf_balloc*)
 .nrf_balloc    0x0000000000002190       0x14 Output/twi_scanner_pca10040 Release/Obj/nrf_log_frontend.o
                0x0000000000002190                log_mempool
                0x00000000000021a4                __nrf_balloc_end__ = (__nrf_balloc_start__ + SIZEOF (.nrf_balloc))
                0x0000000000000014                __nrf_balloc_size__ = SIZEOF (.nrf_balloc)
                0x00000000000021a4                __stop_nrf_balloc = __nrf_balloc_end__
                0x00000000000021a4                __nrf_balloc_load_end__ = __nrf_balloc_end__
                0x0000000000000001                . = ASSERT (((__nrf_balloc_start__ == __nrf_balloc_end__) || ((__nrf_balloc_end__ >= __FLASH_segment_start__) && (__nrf_balloc_end__ <= __FLASH_segment_end__))), error: .nrf_balloc is too large to fit in FLASH memory segment)
                0x00000000000021a4                __nrf_sections_load_start__ = ALIGN (__nrf_balloc_end__, 0x4)

.nrf_sections   0x00000000000021a4        0x0
                0x00000000000021a4                __nrf_sections_start__ = .
                0x00000000000021a4                __start_nrf_sections = __nrf_sections_start__
 *(.nrf_sections .nrf_sections.*)
                0x00000000000021a4                __nrf_sections_end__ = (__nrf_sections_start__ + SIZEOF (.nrf_sections))
                0x0000000000000000                __nrf_sections_size__ = SIZEOF (.nrf_sections)
                0x00000000000021a4                __nrf_sections_load_end__ = __nrf_sections_end__
                0x0000000000000001                . = ASSERT (((__nrf_sections_start__ == __nrf_sections_end__) || ((__nrf_sections_end__ >= __FLASH_segment_start__) && (__nrf_sections_end__ <= __FLASH_segment_end__))), error: .nrf_sections is too large to fit in FLASH memory segment)
                0x00000000000021a4                __log_dynamic_data_load_start__ = ALIGN (__nrf_sections_end__, 0x4)

.log_dynamic_data
                0x0000000020000000        0x0 load address 0x00000000000021a4
                0x0000000020000000                __log_dynamic_data_start__ = .
 *(SORT_BY_NAME(.log_dynamic_data*))
                0x0000000020000000                __log_dynamic_data_end__ = (__log_dynamic_data_start__ + SIZEOF (.log_dynamic_data))
                0x0000000000000000                __log_dynamic_data_size__ = SIZEOF (.log_dynamic_data)
                0x00000000000021a4                __log_dynamic_data_load_end__ = (__log_dynamic_data_load_start__ + SIZEOF (.log_dynamic_data))
                0x0000000000000001                . = ASSERT (((__log_dynamic_data_load_start__ == __log_dynamic_data_load_end__) || ((__log_dynamic_data_load_end__ >= __FLASH_segment_start__) && (__log_dynamic_data_load_end__ <= __FLASH_segment_end__))), error: .log_dynamic_data is too large to fit in FLASH memory segment)

.log_dynamic_data_run
                0x0000000020000000        0x0
                0x0000000020000000                __log_dynamic_data_run_start__ = .
                0x0000000020000000                __start_log_dynamic_data = __log_dynamic_data_run_start__
                0x0000000020000000                . = MAX ((__log_dynamic_data_run_start__ + SIZEOF (.log_dynamic_data)), .)
                0x0000000020000000                __log_dynamic_data_run_end__ = (__log_dynamic_data_run_start__ + SIZEOF (.log_dynamic_data_run))
                0x0000000000000000                __log_dynamic_data_run_size__ = SIZEOF (.log_dynamic_data_run)
                0x0000000020000000                __stop_log_dynamic_data = __log_dynamic_data_run_end__
                0x0000000020000000                __log_dynamic_data_run_load_end__ = __log_dynamic_data_run_end__
                0x0000000000000001                . = ASSERT (((__log_dynamic_data_run_start__ == __log_dynamic_data_run_end__) || ((__log_dynamic_data_run_end__ >= __RAM_segment_start__) && (__log_dynamic_data_run_end__ <= __RAM_segment_end__))), error: .log_dynamic_data_run is too large to fit in RAM memory segment)
                0x00000000000021a4                __log_filter_data_load_start__ = ALIGN ((__log_dynamic_data_load_start__ + SIZEOF (.log_dynamic_data)), 0x4)

.log_filter_data
                0x0000000020000000        0x0 load address 0x00000000000021a4
                0x0000000020000000                __log_filter_data_start__ = .
 *(SORT_BY_NAME(.log_filter_data*))
                0x0000000020000000                __log_filter_data_end__ = (__log_filter_data_start__ + SIZEOF (.log_filter_data))
                0x0000000000000000                __log_filter_data_size__ = SIZEOF (.log_filter_data)
                0x00000000000021a4                __log_filter_data_load_end__ = (__log_filter_data_load_start__ + SIZEOF (.log_filter_data))
                0x0000000000000001                . = ASSERT (((__log_filter_data_load_start__ == __log_filter_data_load_end__) || ((__log_filter_data_load_end__ >= __FLASH_segment_start__) && (__log_filter_data_load_end__ <= __FLASH_segment_end__))), error: .log_filter_data is too large to fit in FLASH memory segment)

.log_filter_data_run
                0x0000000020000000        0x0
                0x0000000020000000                __log_filter_data_run_start__ = .
                0x0000000020000000                __start_log_filter_data = __log_filter_data_run_start__
                0x0000000020000000                . = MAX ((__log_filter_data_run_start__ + SIZEOF (.log_filter_data)), .)
                0x0000000020000000                __log_filter_data_run_end__ = (__log_filter_data_run_start__ + SIZEOF (.log_filter_data_run))
                0x0000000000000000                __log_filter_data_run_size__ = SIZEOF (.log_filter_data_run)
                0x0000000020000000                __stop_log_filter_data = __log_filter_data_run_end__
                0x0000000020000000                __log_filter_data_run_load_end__ = __log_filter_data_run_end__
                0x0000000000000001                . = ASSERT (((__log_filter_data_run_start__ == __log_filter_data_run_end__) || ((__log_filter_data_run_end__ >= __RAM_segment_start__) && (__log_filter_data_run_end__ <= __RAM_segment_end__))), error: .log_filter_data_run is too large to fit in RAM memory segment)
                0x0000000020000000                __nrf_sections_run_end_load_start__ = ALIGN (__log_filter_data_run_end__, 0x4)

.nrf_sections_run_end
                0x0000000020000000        0x0
                0x0000000020000000                __nrf_sections_run_end_start__ = .
                0x0000000020000000                __end_nrf_sections_run = __nrf_sections_run_end_start__
 *(.nrf_sections_run_end .nrf_sections_run_end.*)
                0x0000000020000000                __nrf_sections_run_end_end__ = (__nrf_sections_run_end_start__ + SIZEOF (.nrf_sections_run_end))
                0x0000000000000000                __nrf_sections_run_end_size__ = SIZEOF (.nrf_sections_run_end)
                0x0000000020000000                __nrf_sections_run_end_load_end__ = __nrf_sections_run_end_end__
                0x0000000000000001                . = ASSERT (((__nrf_sections_run_end_start__ == __nrf_sections_run_end_end__) || ((__nrf_sections_run_end_end__ >= __RAM_segment_start__) && (__nrf_sections_run_end_end__ <= __RAM_segment_end__))), error: .nrf_sections_run_end is too large to fit in RAM memory segment)
                0x00000000000021a4                __dtors_load_start__ = ALIGN ((__log_filter_data_load_start__ + SIZEOF (.log_filter_data)), 0x4)

.dtors          0x00000000000021a4        0x0
                0x00000000000021a4                __dtors_start__ = .
 *(SORT_BY_NAME(.dtors.*))
 *(.dtors)
 *(.fini_array)
 *(SORT_BY_NAME(.fini_array.*))
                0x00000000000021a4                __dtors_end__ = (__dtors_start__ + SIZEOF (.dtors))
                0x0000000000000000                __dtors_size__ = SIZEOF (.dtors)
                0x00000000000021a4                __dtors_load_end__ = __dtors_end__
                0x0000000000000001                . = ASSERT (((__dtors_start__ == __dtors_end__) || ((__dtors_end__ >= __FLASH_segment_start__) && (__dtors_end__ <= __FLASH_segment_end__))), error: .dtors is too large to fit in FLASH memory segment)
                0x00000000000021a4                __ctors_load_start__ = ALIGN (__dtors_end__, 0x4)

.ctors          0x00000000000021a4        0x0
                0x00000000000021a4                __ctors_start__ = .
 *(SORT_BY_NAME(.ctors.*))
 *(.ctors)
 *(.init_array)
 *(SORT_BY_NAME(.init_array.*))
                0x00000000000021a4                __ctors_end__ = (__ctors_start__ + SIZEOF (.ctors))
                0x0000000000000000                __ctors_size__ = SIZEOF (.ctors)
                0x00000000000021a4                __ctors_load_end__ = __ctors_end__
                0x0000000000000001                . = ASSERT (((__ctors_start__ == __ctors_end__) || ((__ctors_end__ >= __FLASH_segment_start__) && (__ctors_end__ <= __FLASH_segment_end__))), error: .ctors is too large to fit in FLASH memory segment)
                0x00000000000021a4                __rodata_load_start__ = ALIGN (__ctors_end__, 0x4)

.rodata         0x00000000000021a4      0x41c
                0x00000000000021a4                __rodata_start__ = .
 *(.rodata .rodata.* .gnu.linkonce.r.*)
 *fill*         0x00000000000021a4        0xc 
 .rodata.delay_bytecode.8101
                0x00000000000021b0        0x6 Output/twi_scanner_pca10040 Release/Obj/nrf_log_backend_rtt.o
 *fill*         0x00000000000021b6        0x2 
 .rodata.nrf_log_backend_rtt_api
                0x00000000000021b8        0xc Output/twi_scanner_pca10040 Release/Obj/nrf_log_backend_rtt.o
                0x00000000000021b8                nrf_log_backend_rtt_api
 .rodata.str1.1
                0x00000000000021c4       0x10 Output/twi_scanner_pca10040 Release/Obj/nrf_log_default_backends.o
 .rodata.m_log_push_ringbuf
                0x00000000000021d4        0xc Output/twi_scanner_pca10040 Release/Obj/nrf_log_frontend.o
 .rodata.nrf_log_frontend_dequeue.str1.1
                0x00000000000021e0       0x11 Output/twi_scanner_pca10040 Release/Obj/nrf_log_frontend.o
 .rodata.str1.1
                0x00000000000021f1        0x4 Output/twi_scanner_pca10040 Release/Obj/nrf_log_frontend.o
 *fill*         0x00000000000021f5        0x3 
 .rodata.m_colors
                0x00000000000021f8       0x24 Output/twi_scanner_pca10040 Release/Obj/nrf_log_str_formatter.o
 .rodata.nrf_log_hexdump_entry_process.str1.1
                0x000000000000221c        0xf Output/twi_scanner_pca10040 Release/Obj/nrf_log_str_formatter.o
                                         0x11 (size before relaxing)
 .rodata.postfix_process.str1.1
                0x000000000000222b        0x8 Output/twi_scanner_pca10040 Release/Obj/nrf_log_str_formatter.o
                                          0xb (size before relaxing)
 .rodata.prefix_process.str1.1
                0x0000000000002233       0x2a Output/twi_scanner_pca10040 Release/Obj/nrf_log_str_formatter.o
 *fill*         0x000000000000225d        0x3 
 .rodata.severity_names
                0x0000000000002260       0x14 Output/twi_scanner_pca10040 Release/Obj/nrf_log_str_formatter.o
 .rodata.str1.1
                0x0000000000002274       0x4b Output/twi_scanner_pca10040 Release/Obj/nrf_log_str_formatter.o
                                         0x51 (size before relaxing)
 .rodata.app_error_fault_handler.str1.1
                0x00000000000022bf       0x19 Output/twi_scanner_pca10040 Release/Obj/app_error_weak.o
 .rodata._aV2C.7427
                0x00000000000022d8       0x10 Output/twi_scanner_pca10040 Release/Obj/nrf_fprintf_format.o
 *fill*         0x00000000000022e8        0x8 
 .rodata.delay_bytecode.7493
                0x00000000000022f0        0x6 Output/twi_scanner_pca10040 Release/Obj/nrf_drv_twi.o
 .rodata.str1.1
                0x00000000000022f6        0x4 Output/twi_scanner_pca10040 Release/Obj/nrfx_prs.o
 *fill*         0x00000000000022fa        0x2 
 .rodata.irq_handlers.8353
                0x00000000000022fc        0x8 Output/twi_scanner_pca10040 Release/Obj/nrfx_twim.o
 .rodata.str1.1
                0x0000000000002304        0x5 Output/twi_scanner_pca10040 Release/Obj/nrfx_twim.o
 *fill*         0x0000000000002309        0x3 
 .rodata.m_twi  0x000000000000230c       0x10 Output/twi_scanner_pca10040 Release/Obj/main.o
 .rodata.main.str1.1
                0x000000000000231c       0x4f Output/twi_scanner_pca10040 Release/Obj/main.o
 .rodata._DoInit.str1.1
                0x000000000000236b       0x14 Output/twi_scanner_pca10040 Release/Obj/SEGGER_RTT.o
 *fill*         0x000000000000237f        0x1 
 .rodata.libc.__RAL_ascii_ctype_map
                0x0000000000002380       0x80 C:/Program Files/SEGGER/SEGGER Embedded Studio for ARM 4.12/lib/libc_v7em_fpv4_sp_d16_hard_t_le_eabi.a(libc2.o)
                0x0000000000002380                __RAL_ascii_ctype_map
 .rodata.libc.__RAL_ascii_ctype_mask
                0x0000000000002400        0xd C:/Program Files/SEGGER/SEGGER Embedded Studio for ARM 4.12/lib/libc_v7em_fpv4_sp_d16_hard_t_le_eabi.a(libc2.o)
 *fill*         0x000000000000240d        0x3 
 .rodata.libc.__RAL_c_locale
                0x0000000000002410        0xc C:/Program Files/SEGGER/SEGGER Embedded Studio for ARM 4.12/lib/libc_v7em_fpv4_sp_d16_hard_t_le_eabi.a(libc2.o)
                0x0000000000002410                __RAL_c_locale
 .rodata.libc.__RAL_c_locale_abbrev_day_names
                0x000000000000241c       0x1d C:/Program Files/SEGGER/SEGGER Embedded Studio for ARM 4.12/lib/libc_v7em_fpv4_sp_d16_hard_t_le_eabi.a(libc2.o)
                0x000000000000241c                __RAL_c_locale_abbrev_day_names
 *fill*         0x0000000000002439        0x3 
 .rodata.libc.__RAL_c_locale_abbrev_month_names
                0x000000000000243c       0x31 C:/Program Files/SEGGER/SEGGER Embedded Studio for ARM 4.12/lib/libc_v7em_fpv4_sp_d16_hard_t_le_eabi.a(libc2.o)
                0x000000000000243c                __RAL_c_locale_abbrev_month_names
 *fill*         0x000000000000246d        0x3 
 .rodata.libc.__RAL_c_locale_am_pm_indicator
                0x0000000000002470        0x7 C:/Program Files/SEGGER/SEGGER Embedded Studio for ARM 4.12/lib/libc_v7em_fpv4_sp_d16_hard_t_le_eabi.a(libc2.o)
                0x0000000000002470                __RAL_c_locale_am_pm_indicator
 *fill*         0x0000000000002477        0x1 
 .rodata.libc.__RAL_c_locale_data
                0x0000000000002478       0x58 C:/Program Files/SEGGER/SEGGER Embedded Studio for ARM 4.12/lib/libc_v7em_fpv4_sp_d16_hard_t_le_eabi.a(libc2.o)
                0x0000000000002478                __RAL_c_locale_data
 .rodata.libc.__RAL_c_locale_date_format
                0x00000000000024d0        0x9 C:/Program Files/SEGGER/SEGGER Embedded Studio for ARM 4.12/lib/libc_v7em_fpv4_sp_d16_hard_t_le_eabi.a(libc2.o)
                0x00000000000024d0                __RAL_c_locale_date_format
 *fill*         0x00000000000024d9        0x3 
 .rodata.libc.__RAL_c_locale_date_time_format
                0x00000000000024dc        0xf C:/Program Files/SEGGER/SEGGER Embedded Studio for ARM 4.12/lib/libc_v7em_fpv4_sp_d16_hard_t_le_eabi.a(libc2.o)
                0x00000000000024dc                __RAL_c_locale_date_time_format
 *fill*         0x00000000000024eb        0x1 
 .rodata.libc.__RAL_c_locale_day_names
                0x00000000000024ec       0x3a C:/Program Files/SEGGER/SEGGER Embedded Studio for ARM 4.12/lib/libc_v7em_fpv4_sp_d16_hard_t_le_eabi.a(libc2.o)
                0x00000000000024ec                __RAL_c_locale_day_names
 *fill*         0x0000000000002526        0x2 
 .rodata.libc.__RAL_c_locale_month_names
                0x0000000000002528       0x57 C:/Program Files/SEGGER/SEGGER Embedded Studio for ARM 4.12/lib/libc_v7em_fpv4_sp_d16_hard_t_le_eabi.a(libc2.o)
                0x0000000000002528                __RAL_c_locale_month_names
 *fill*         0x000000000000257f        0x1 
 .rodata.libc.__RAL_c_locale_time_format
                0x0000000000002580        0x9 C:/Program Files/SEGGER/SEGGER Embedded Studio for ARM 4.12/lib/libc_v7em_fpv4_sp_d16_hard_t_le_eabi.a(libc2.o)
                0x0000000000002580                __RAL_c_locale_time_format
 *fill*         0x0000000000002589        0x3 
 .rodata.libc.__RAL_codeset_ascii
                0x000000000000258c       0x20 C:/Program Files/SEGGER/SEGGER Embedded Studio for ARM 4.12/lib/libc_v7em_fpv4_sp_d16_hard_t_le_eabi.a(libc2.o)
                0x000000000000258c                __RAL_codeset_ascii
 .rodata.libc.__RAL_data_empty_string
                0x00000000000025ac        0x1 C:/Program Files/SEGGER/SEGGER Embedded Studio for ARM 4.12/lib/libc_v7em_fpv4_sp_d16_hard_t_le_eabi.a(libc2.o)
                0x00000000000025ac                __RAL_data_empty_string
 *fill*         0x00000000000025ad        0x3 
 .rodata.libc.__RAL_data_utf8_period
                0x00000000000025b0        0x2 C:/Program Files/SEGGER/SEGGER Embedded Studio for ARM 4.12/lib/libc_v7em_fpv4_sp_d16_hard_t_le_eabi.a(libc2.o)
                0x00000000000025b0                __RAL_data_utf8_period
 *fill*         0x00000000000025b2        0x2 
 .rodata.libc.__RAL_find_locale.str1.4
                0x00000000000025b4        0xc C:/Program Files/SEGGER/SEGGER Embedded Studio for ARM 4.12/lib/libc_v7em_fpv4_sp_d16_hard_t_le_eabi.a(libc2.o)
                                          0xa (size before relaxing)
                0x00000000000025c0                __rodata_end__ = (__rodata_start__ + SIZEOF (.rodata))
                0x000000000000041c                __rodata_size__ = SIZEOF (.rodata)
                0x00000000000025c0                __rodata_load_end__ = __rodata_end__

.rel.dyn        0x00000000000025c0        0x0
 .rel.iplt      0x00000000000025c0        0x0 Output/twi_scanner_pca10040 Release/Obj/thumb_crt0.o
                0x0000000000000001                . = ASSERT (((__rodata_start__ == __rodata_end__) || ((__rodata_end__ >= __FLASH_segment_start__) && (__rodata_end__ <= __FLASH_segment_end__))), error: .rodata is too large to fit in FLASH memory segment)
                0x00000000000025c0                __ARM.exidx_load_start__ = ALIGN (__rodata_end__, 0x4)

.ARM.exidx      0x00000000000025c0        0x0
                0x00000000000025c0                __ARM.exidx_start__ = .
                0x00000000000025c0                __exidx_start = __ARM.exidx_start__
 *(.ARM.exidx .ARM.exidx.*)
                0x00000000000025c0                __ARM.exidx_end__ = (__ARM.exidx_start__ + SIZEOF (.ARM.exidx))
                0x0000000000000000                __ARM.exidx_size__ = SIZEOF (.ARM.exidx)
                0x00000000000025c0                __exidx_end = __ARM.exidx_end__
                0x00000000000025c0                __ARM.exidx_load_end__ = __ARM.exidx_end__
                0x0000000000000001                . = ASSERT (((__ARM.exidx_start__ == __ARM.exidx_end__) || ((__ARM.exidx_end__ >= __FLASH_segment_start__) && (__ARM.exidx_end__ <= __FLASH_segment_end__))), error: .ARM.exidx is too large to fit in FLASH memory segment)
                0x00000000000025c0                __fast_load_start__ = ALIGN (__ARM.exidx_end__, 0x4)

.fast           0x0000000020000000        0x0 load address 0x00000000000025c0
                0x0000000020000000                __fast_start__ = .
 *(.fast .fast.*)
                0x0000000020000000                __fast_end__ = (__fast_start__ + SIZEOF (.fast))
                0x0000000000000000                __fast_size__ = SIZEOF (.fast)
                0x00000000000025c0                __fast_load_end__ = (__fast_load_start__ + SIZEOF (.fast))
                0x0000000000000001                . = ASSERT (((__fast_load_start__ == __fast_load_end__) || ((__fast_load_end__ >= __FLASH_segment_start__) && (__fast_load_end__ <= __FLASH_segment_end__))), error: .fast is too large to fit in FLASH memory segment)

.fast_run       0x0000000020000000        0x0
                0x0000000020000000                __fast_run_start__ = .
                0x0000000020000000                . = MAX ((__fast_run_start__ + SIZEOF (.fast)), .)
                0x0000000020000000                __fast_run_end__ = (__fast_run_start__ + SIZEOF (.fast_run))
                0x0000000000000000                __fast_run_size__ = SIZEOF (.fast_run)
                0x0000000020000000                __fast_run_load_end__ = __fast_run_end__
                0x0000000000000001                . = ASSERT (((__fast_run_start__ == __fast_run_end__) || ((__fast_run_end__ >= __RAM_segment_start__) && (__fast_run_end__ <= __RAM_segment_end__))), error: .fast_run is too large to fit in RAM memory segment)
                0x00000000000025c0                __data_load_start__ = ALIGN ((__fast_load_start__ + SIZEOF (.fast)), 0x4)

.data           0x0000000020000000       0x20 load address 0x00000000000025c0
                0x0000000020000000                __data_start__ = .
 *(.data .data.* .gnu.linkonce.d.*)
 .data.log_backend_cb_rtt_log_backend
                0x0000000020000000        0x8 Output/twi_scanner_pca10040 Release/Obj/nrf_log_default_backends.o
 .data.SystemCoreClock
                0x0000000020000008        0x4 Output/twi_scanner_pca10040 Release/Obj/system_nrf52.o
                0x0000000020000008                SystemCoreClock
 .data.libc.__RAL_global_locale
                0x000000002000000c       0x14 C:/Program Files/SEGGER/SEGGER Embedded Studio for ARM 4.12/lib/libc_v7em_fpv4_sp_d16_hard_t_le_eabi.a(libc2.o)
                0x000000002000000c                __RAL_global_locale
                0x0000000020000020                __data_end__ = (__data_start__ + SIZEOF (.data))
                0x0000000000000020                __data_size__ = SIZEOF (.data)
                0x00000000000025e0                __data_load_end__ = (__data_load_start__ + SIZEOF (.data))

.igot.plt       0x0000000100000000        0x0
 .igot.plt      0x0000000100000000        0x0 Output/twi_scanner_pca10040 Release/Obj/thumb_crt0.o
                0x0000000000000001                . = ASSERT (((__data_load_start__ == __data_load_end__) || ((__data_load_end__ >= __FLASH_segment_start__) && (__data_load_end__ <= __FLASH_segment_end__))), error: .data is too large to fit in FLASH memory segment)

.data_run       0x0000000020000000       0x20 load address 0x00000000000025c0
                0x0000000020000000                __data_run_start__ = .
                0x0000000020000020                . = MAX ((__data_run_start__ + SIZEOF (.data)), .)
 *fill*         0x0000000020000000       0x20 
                0x0000000020000020                __data_run_end__ = (__data_run_start__ + SIZEOF (.data_run))
                0x0000000000000020                __data_run_size__ = SIZEOF (.data_run)
                0x0000000020000020                __data_run_load_end__ = __data_run_end__
                0x0000000000000001                . = ASSERT (((__data_run_start__ == __data_run_end__) || ((__data_run_end__ >= __RAM_segment_start__) && (__data_run_end__ <= __RAM_segment_end__))), error: .data_run is too large to fit in RAM memory segment)
                0x00000000000025e0                __tdata_load_start__ = ALIGN ((__data_load_start__ + SIZEOF (.data)), 0x4)

.tdata          0x0000000020000020        0x0 load address 0x00000000000025e0
                0x0000000020000020                __tdata_start__ = .
 *(.tdata .tdata.*)
                0x0000000020000020                __tdata_end__ = (__tdata_start__ + SIZEOF (.tdata))
                0x0000000000000000                __tdata_size__ = SIZEOF (.tdata)
                0x00000000000025e0                __tdata_load_end__ = (__tdata_load_start__ + SIZEOF (.tdata))
                0x00000000000025e0                __FLASH_segment_used_end__ = (ALIGN ((__data_load_start__ + SIZEOF (.data)), 0x4) + SIZEOF (.tdata))
                0x00000000000025e0                __FLASH_segment_used_size__ = (__FLASH_segment_used_end__ - __FLASH_segment_start__)
                0x0000000000000001                . = ASSERT (((__tdata_load_start__ == __tdata_load_end__) || ((__tdata_load_end__ >= __FLASH_segment_start__) && (__tdata_load_end__ <= __FLASH_segment_end__))), error: .tdata is too large to fit in FLASH memory segment)

.tdata_run      0x0000000020000020        0x0
                0x0000000020000020                __tdata_run_start__ = .
                0x0000000020000020                . = MAX ((__tdata_run_start__ + SIZEOF (.tdata)), .)
                0x0000000020000020                __tdata_run_end__ = (__tdata_run_start__ + SIZEOF (.tdata_run))
                0x0000000000000000                __tdata_run_size__ = SIZEOF (.tdata_run)
                0x0000000020000020                __tdata_run_load_end__ = __tdata_run_end__
                0x0000000000000001                . = ASSERT (((__tdata_run_start__ == __tdata_run_end__) || ((__tdata_run_end__ >= __RAM_segment_start__) && (__tdata_run_end__ <= __RAM_segment_end__))), error: .tdata_run is too large to fit in RAM memory segment)
                0x0000000020000020                __bss_load_start__ = ALIGN (__tdata_run_end__, 0x4)

.bss            0x0000000020000020      0x8dc
                0x0000000020000020                __bss_start__ = .
 *(.bss .bss.* .gnu.linkonce.b.*)
 .bss.m_host_present
                0x0000000020000020        0x1 Output/twi_scanner_pca10040 Release/Obj/nrf_log_backend_rtt.o
 .bss.m_string_buff
                0x0000000020000021       0x40 Output/twi_scanner_pca10040 Release/Obj/nrf_log_backend_rtt.o
 *fill*         0x0000000020000061        0x3 
 .bss.log_mempool_nrf_balloc_cb
                0x0000000020000064        0x8 Output/twi_scanner_pca10040 Release/Obj/nrf_log_frontend.o
 .bss.log_mempool_nrf_balloc_pool_mem
                0x000000002000006c       0xc0 Output/twi_scanner_pca10040 Release/Obj/nrf_log_frontend.o
 .bss.log_mempool_nrf_balloc_pool_stack
                0x000000002000012c        0x8 Output/twi_scanner_pca10040 Release/Obj/nrf_log_frontend.o
 .bss.m_log_data
                0x0000000020000134      0x424 Output/twi_scanner_pca10040 Release/Obj/nrf_log_frontend.o
 .bss.m_log_push_ringbuf_buf
                0x0000000020000558       0x80 Output/twi_scanner_pca10040 Release/Obj/nrf_log_frontend.o
 .bss.m_log_push_ringbuf_cb
                0x00000000200005d8       0x18 Output/twi_scanner_pca10040 Release/Obj/nrf_log_frontend.o
 .bss.m_in_critical_region
                0x00000000200005f0        0x4 Output/twi_scanner_pca10040 Release/Obj/app_util_platform.o
 .bss.m_contexts
                0x00000000200005f4        0x8 Output/twi_scanner_pca10040 Release/Obj/nrf_drv_twi.o
 .bss.m_handlers
                0x00000000200005fc        0x8 Output/twi_scanner_pca10040 Release/Obj/nrf_drv_twi.o
 .bss.m_prs_box_4
                0x0000000020000604        0x8 Output/twi_scanner_pca10040 Release/Obj/nrfx_prs.o
 .bss.m_cb      0x000000002000060c       0x68 Output/twi_scanner_pca10040 Release/Obj/nrfx_twim.o
 .bss._SEGGER_RTT
                0x0000000020000674       0x78 Output/twi_scanner_pca10040 Release/Obj/SEGGER_RTT.o
                0x0000000020000674                _SEGGER_RTT
 .bss._acDownBuffer
                0x00000000200006ec       0x10 Output/twi_scanner_pca10040 Release/Obj/SEGGER_RTT.o
 .bss._acUpBuffer
                0x00000000200006fc      0x200 Output/twi_scanner_pca10040 Release/Obj/SEGGER_RTT.o
 *(COMMON)
                0x00000000200008fc                __bss_end__ = (__bss_start__ + SIZEOF (.bss))
                0x00000000000008dc                __bss_size__ = SIZEOF (.bss)
                0x00000000200008fc                __bss_load_end__ = __bss_end__
                0x0000000000000001                . = ASSERT (((__bss_start__ == __bss_end__) || ((__bss_end__ >= __RAM_segment_start__) && (__bss_end__ <= __RAM_segment_end__))), error: .bss is too large to fit in RAM memory segment)
                0x00000000200008fc                __tbss_load_start__ = ALIGN (__bss_end__, 0x4)

.tbss           0x00000000200008fc        0x0
                0x00000000200008fc                __tbss_start__ = .
 *(.tbss .tbss.*)
                0x00000000200008fc                __tbss_end__ = (__tbss_start__ + SIZEOF (.tbss))
                0x0000000000000000                __tbss_size__ = SIZEOF (.tbss)
                0x00000000200008fc                __tbss_load_end__ = __tbss_end__
                0x0000000000000001                . = ASSERT (((__tbss_start__ == __tbss_end__) || ((__tbss_end__ >= __RAM_segment_start__) && (__tbss_end__ <= __RAM_segment_end__))), error: .tbss is too large to fit in RAM memory segment)
                0x00000000200008fc                __non_init_load_start__ = ALIGN (__tbss_end__, 0x4)

.non_init       0x00000000200008fc        0x0
                0x00000000200008fc                __non_init_start__ = .
 *(.non_init .non_init.*)
                0x00000000200008fc                __non_init_end__ = (__non_init_start__ + SIZEOF (.non_init))
                0x0000000000000000                __non_init_size__ = SIZEOF (.non_init)
                0x00000000200008fc                __non_init_load_end__ = __non_init_end__
                0x0000000000000001                . = ASSERT (((__non_init_start__ == __non_init_end__) || ((__non_init_end__ >= __RAM_segment_start__) && (__non_init_end__ <= __RAM_segment_end__))), error: .non_init is too large to fit in RAM memory segment)
                0x00000000200008fc                __heap_load_start__ = ALIGN (__non_init_end__, 0x4)

.heap           0x00000000200008fc     0x2000
                0x00000000200008fc                __heap_start__ = .
 *(.heap .heap.*)
                0x00000000200028fc                . = ALIGN (MAX ((__heap_start__ + __HEAPSIZE__), .), 0x4)
 *fill*         0x00000000200008fc     0x2000 
                0x00000000200028fc                __heap_end__ = (__heap_start__ + SIZEOF (.heap))
                0x0000000000002000                __heap_size__ = SIZEOF (.heap)
                0x00000000200028fc                __heap_load_end__ = __heap_end__
                0x0000000000000001                . = ASSERT (((__heap_start__ == __heap_end__) || ((__heap_end__ >= __RAM_segment_start__) && (__heap_end__ <= __RAM_segment_end__))), error: .heap is too large to fit in RAM memory segment)
                0x000000002000e000                __stack_load_start__ = (__RAM_segment_end__ - 0x2000)

.stack          0x000000002000e000     0x2000
                0x000000002000e000                __stack_start__ = .
                0x000000002000e000                __StackLimit = __stack_start__
 *(.stack .stack.*)
                0x0000000020010000                . = ALIGN (MAX ((__stack_start__ + __STACKSIZE__), .), 0x8)
 *fill*         0x000000002000e000     0x2000 
                0x0000000020010000                __stack_end__ = (__stack_start__ + SIZEOF (.stack))
                0x0000000000002000                __stack_size__ = SIZEOF (.stack)
                0x0000000020010000                __StackTop = __stack_end__
                0x0000000020010000                __stack_load_end__ = __stack_end__
                0x0000000000000001                . = ASSERT (((__stack_start__ == __stack_end__) || ((__stack_end__ >= __RAM_segment_start__) && (__stack_end__ <= __RAM_segment_end__))), error: .stack is too large to fit in RAM memory segment)
                0x0000000000000001                . = ASSERT ((__heap_end__ <= __stack_start__), error: section .heap overlaps absolute placed section .stack)
                0x0000000020010000                __stack_process_load_start__ = ALIGN (__stack_end__, 0x8)

.stack_process  0x0000000020010000        0x0
                0x0000000020010000                __stack_process_start__ = .
 *(.stack_process .stack_process.*)
                0x0000000020010000                . = ALIGN (MAX ((__stack_process_start__ + __STACKSIZE_PROCESS__), .), 0x8)
                0x0000000020010000                __stack_process_end__ = (__stack_process_start__ + SIZEOF (.stack_process))
                0x0000000000000000                __stack_process_size__ = SIZEOF (.stack_process)
                0x0000000020010000                __stack_process_load_end__ = __stack_process_end__
                0x0000000020010000                __RAM_segment_used_end__ = (ALIGN (__stack_end__, 0x8) + SIZEOF (.stack_process))
                0x0000000000010000                __RAM_segment_used_size__ = (__RAM_segment_used_end__ - __RAM_segment_start__)
                0x0000000000000001                . = ASSERT (((__stack_process_start__ == __stack_process_end__) || ((__stack_process_end__ >= __RAM_segment_start__) && (__stack_process_end__ <= __RAM_segment_end__))), error: .stack_process is too large to fit in RAM memory segment)
START GROUP
LOAD Output/twi_scanner_pca10040 Release/Obj/thumb_crt0.o
LOAD Output/twi_scanner_pca10040 Release/Obj/nrf_log_backend_rtt.o
LOAD Output/twi_scanner_pca10040 Release/Obj/nrf_log_backend_serial.o
LOAD Output/twi_scanner_pca10040 Release/Obj/nrf_log_backend_uart.o
LOAD Output/twi_scanner_pca10040 Release/Obj/nrf_log_default_backends.o
LOAD Output/twi_scanner_pca10040 Release/Obj/nrf_log_frontend.o
LOAD Output/twi_scanner_pca10040 Release/Obj/nrf_log_str_formatter.o
LOAD Output/twi_scanner_pca10040 Release/Obj/boards.o
LOAD Output/twi_scanner_pca10040 Release/Obj/app_error.o
LOAD Output/twi_scanner_pca10040 Release/Obj/app_error_handler_gcc.o
LOAD Output/twi_scanner_pca10040 Release/Obj/app_error_weak.o
LOAD Output/twi_scanner_pca10040 Release/Obj/app_util_platform.o
LOAD Output/twi_scanner_pca10040 Release/Obj/nrf_assert.o
LOAD Output/twi_scanner_pca10040 Release/Obj/nrf_atomic.o
LOAD Output/twi_scanner_pca10040 Release/Obj/nrf_balloc.o
LOAD Output/twi_scanner_pca10040 Release/Obj/nrf_fprintf.o
LOAD Output/twi_scanner_pca10040 Release/Obj/nrf_fprintf_format.o
LOAD Output/twi_scanner_pca10040 Release/Obj/nrf_memobj.o
LOAD Output/twi_scanner_pca10040 Release/Obj/nrf_ringbuf.o
LOAD Output/twi_scanner_pca10040 Release/Obj/nrf_strerror.o
LOAD Output/twi_scanner_pca10040 Release/Obj/nrf_drv_twi.o
LOAD Output/twi_scanner_pca10040 Release/Obj/nrfx_prs.o
LOAD Output/twi_scanner_pca10040 Release/Obj/nrfx_twi.o
LOAD Output/twi_scanner_pca10040 Release/Obj/nrfx_twim.o
LOAD Output/twi_scanner_pca10040 Release/Obj/main.o
LOAD Output/twi_scanner_pca10040 Release/Obj/SEGGER_RTT.o
LOAD Output/twi_scanner_pca10040 Release/Obj/SEGGER_RTT_Syscalls_SES.o
LOAD Output/twi_scanner_pca10040 Release/Obj/SEGGER_RTT_printf.o
LOAD Output/twi_scanner_pca10040 Release/Obj/ses_startup_nrf52.o
LOAD Output/twi_scanner_pca10040 Release/Obj/ses_startup_nrf_common.o
LOAD Output/twi_scanner_pca10040 Release/Obj/system_nrf52.o
LOAD C:/Program Files/SEGGER/SEGGER Embedded Studio for ARM 4.12/lib/libdebugio_mempoll_v7em_fpv4_sp_d16_hard_t_le_eabi.a
LOAD C:/Program Files/SEGGER/SEGGER Embedded Studio for ARM 4.12/lib/libm_v7em_fpv4_sp_d16_hard_t_le_eabi.a
LOAD C:/Program Files/SEGGER/SEGGER Embedded Studio for ARM 4.12/lib/libc_v7em_fpv4_sp_d16_hard_t_le_eabi.a
LOAD C:/Program Files/SEGGER/SEGGER Embedded Studio for ARM 4.12/lib/libcpp_v7em_fpv4_sp_d16_hard_t_le_eabi.a
LOAD C:/Program Files/SEGGER/SEGGER Embedded Studio for ARM 4.12/lib/libdebugio_v7em_fpv4_sp_d16_hard_t_le_eabi.a
LOAD C:/Program Files/SEGGER/SEGGER Embedded Studio for ARM 4.12/lib/libvfprintf_v7em_fpv4_sp_d16_hard_t_le_eabi.o
LOAD C:/Program Files/SEGGER/SEGGER Embedded Studio for ARM 4.12/lib/libvfscanf_v7em_fpv4_sp_d16_hard_t_le_eabi.o
END GROUP
OUTPUT(Output/Release/Exe/twi_scanner_pca10040.elf elf32-littlearm)

.ARM.attributes
                0x0000000000000000       0x35
 .ARM.attributes
                0x0000000000000000       0x25 Output/twi_scanner_pca10040 Release/Obj/thumb_crt0.o
 .ARM.attributes
                0x0000000000000025       0x39 Output/twi_scanner_pca10040 Release/Obj/nrf_log_backend_rtt.o
 .ARM.attributes
                0x000000000000005e       0x39 Output/twi_scanner_pca10040 Release/Obj/nrf_log_backend_serial.o
 .ARM.attributes
                0x0000000000000097       0x39 Output/twi_scanner_pca10040 Release/Obj/nrf_log_default_backends.o
 .ARM.attributes
                0x00000000000000d0       0x39 Output/twi_scanner_pca10040 Release/Obj/nrf_log_frontend.o
 .ARM.attributes
                0x0000000000000109       0x39 Output/twi_scanner_pca10040 Release/Obj/nrf_log_str_formatter.o
 .ARM.attributes
                0x0000000000000142       0x39 Output/twi_scanner_pca10040 Release/Obj/app_error.o
 .ARM.attributes
                0x000000000000017b       0x39 Output/twi_scanner_pca10040 Release/Obj/app_error_weak.o
 .ARM.attributes
                0x00000000000001b4       0x39 Output/twi_scanner_pca10040 Release/Obj/app_util_platform.o
 .ARM.attributes
                0x00000000000001ed       0x39 Output/twi_scanner_pca10040 Release/Obj/nrf_atomic.o
 .ARM.attributes
                0x0000000000000226       0x39 Output/twi_scanner_pca10040 Release/Obj/nrf_balloc.o
 .ARM.attributes
                0x000000000000025f       0x39 Output/twi_scanner_pca10040 Release/Obj/nrf_fprintf.o
 .ARM.attributes
                0x0000000000000298       0x39 Output/twi_scanner_pca10040 Release/Obj/nrf_fprintf_format.o
 .ARM.attributes
                0x00000000000002d1       0x39 Output/twi_scanner_pca10040 Release/Obj/nrf_memobj.o
 .ARM.attributes
                0x000000000000030a       0x39 Output/twi_scanner_pca10040 Release/Obj/nrf_ringbuf.o
 .ARM.attributes
                0x0000000000000343       0x39 Output/twi_scanner_pca10040 Release/Obj/nrf_drv_twi.o
 .ARM.attributes
                0x000000000000037c       0x39 Output/twi_scanner_pca10040 Release/Obj/nrfx_prs.o
 .ARM.attributes
                0x00000000000003b5       0x39 Output/twi_scanner_pca10040 Release/Obj/nrfx_twim.o
 .ARM.attributes
                0x00000000000003ee       0x39 Output/twi_scanner_pca10040 Release/Obj/main.o
 .ARM.attributes
                0x0000000000000427       0x39 Output/twi_scanner_pca10040 Release/Obj/SEGGER_RTT.o
 .ARM.attributes
                0x0000000000000460       0x25 Output/twi_scanner_pca10040 Release/Obj/ses_startup_nrf52.o
 .ARM.attributes
                0x0000000000000485       0x25 Output/twi_scanner_pca10040 Release/Obj/ses_startup_nrf_common.o
 .ARM.attributes
                0x00000000000004aa       0x39 Output/twi_scanner_pca10040 Release/Obj/system_nrf52.o
 .ARM.attributes
                0x00000000000004e3       0x34 C:/Program Files/SEGGER/SEGGER Embedded Studio for ARM 4.12/lib/libc_v7em_fpv4_sp_d16_hard_t_le_eabi.a(libc2.o)
 .ARM.attributes
                0x0000000000000517       0x20 C:/Program Files/SEGGER/SEGGER Embedded Studio for ARM 4.12/lib/libc_v7em_fpv4_sp_d16_hard_t_le_eabi.a(libc2_asm.o)

.comment        0x0000000000000000       0x4c
 .comment       0x0000000000000000       0x4c Output/twi_scanner_pca10040 Release/Obj/nrf_log_backend_rtt.o
                                         0x4d (size before relaxing)
 .comment       0x000000000000004c       0x4d Output/twi_scanner_pca10040 Release/Obj/nrf_log_backend_serial.o
 .comment       0x000000000000004c       0x4d Output/twi_scanner_pca10040 Release/Obj/nrf_log_default_backends.o
 .comment       0x000000000000004c       0x4d Output/twi_scanner_pca10040 Release/Obj/nrf_log_frontend.o
 .comment       0x000000000000004c       0x4d Output/twi_scanner_pca10040 Release/Obj/nrf_log_str_formatter.o
 .comment       0x000000000000004c       0x4d Output/twi_scanner_pca10040 Release/Obj/app_error.o
 .comment       0x000000000000004c       0x4d Output/twi_scanner_pca10040 Release/Obj/app_error_weak.o
 .comment       0x000000000000004c       0x4d Output/twi_scanner_pca10040 Release/Obj/app_util_platform.o
 .comment       0x000000000000004c       0x4d Output/twi_scanner_pca10040 Release/Obj/nrf_atomic.o
 .comment       0x000000000000004c       0x4d Output/twi_scanner_pca10040 Release/Obj/nrf_balloc.o
 .comment       0x000000000000004c       0x4d Output/twi_scanner_pca10040 Release/Obj/nrf_fprintf.o
 .comment       0x000000000000004c       0x4d Output/twi_scanner_pca10040 Release/Obj/nrf_fprintf_format.o
 .comment       0x000000000000004c       0x4d Output/twi_scanner_pca10040 Release/Obj/nrf_memobj.o
 .comment       0x000000000000004c       0x4d Output/twi_scanner_pca10040 Release/Obj/nrf_ringbuf.o
 .comment       0x000000000000004c       0x4d Output/twi_scanner_pca10040 Release/Obj/nrf_drv_twi.o
 .comment       0x000000000000004c       0x4d Output/twi_scanner_pca10040 Release/Obj/nrfx_prs.o
 .comment       0x000000000000004c       0x4d Output/twi_scanner_pca10040 Release/Obj/nrfx_twim.o
 .comment       0x000000000000004c       0x4d Output/twi_scanner_pca10040 Release/Obj/main.o
 .comment       0x000000000000004c       0x4d Output/twi_scanner_pca10040 Release/Obj/SEGGER_RTT.o
 .comment       0x000000000000004c       0x4d Output/twi_scanner_pca10040 Release/Obj/system_nrf52.o
 .comment       0x000000000000004c       0x4d C:/Program Files/SEGGER/SEGGER Embedded Studio for ARM 4.12/lib/libc_v7em_fpv4_sp_d16_hard_t_le_eabi.a(libc2.o)

.debug_line     0x0000000000000000     0x7fb7
 .debug_line    0x0000000000000000      0x1ec Output/twi_scanner_pca10040 Release/Obj/thumb_crt0.o
 .debug_line    0x00000000000001ec      0x862 Output/twi_scanner_pca10040 Release/Obj/nrf_log_backend_rtt.o
 .debug_line    0x0000000000000a4e      0x61d Output/twi_scanner_pca10040 Release/Obj/nrf_log_backend_serial.o
 .debug_line    0x000000000000106b      0x5aa Output/twi_scanner_pca10040 Release/Obj/nrf_log_default_backends.o
 .debug_line    0x0000000000001615      0xa25 Output/twi_scanner_pca10040 Release/Obj/nrf_log_frontend.o
 .debug_line    0x000000000000203a      0x667 Output/twi_scanner_pca10040 Release/Obj/nrf_log_str_formatter.o
 .debug_line    0x00000000000026a1      0x319 Output/twi_scanner_pca10040 Release/Obj/app_error.o
 .debug_line    0x00000000000029ba      0x63e Output/twi_scanner_pca10040 Release/Obj/app_error_weak.o
 .debug_line    0x0000000000002ff8      0x3a1 Output/twi_scanner_pca10040 Release/Obj/app_util_platform.o
 .debug_line    0x0000000000003399      0x4f0 Output/twi_scanner_pca10040 Release/Obj/nrf_atomic.o
 .debug_line    0x0000000000003889      0x544 Output/twi_scanner_pca10040 Release/Obj/nrf_balloc.o
 .debug_line    0x0000000000003dcd      0x3a7 Output/twi_scanner_pca10040 Release/Obj/nrf_fprintf.o
 .debug_line    0x0000000000004174      0x4eb Output/twi_scanner_pca10040 Release/Obj/nrf_fprintf_format.o
 .debug_line    0x000000000000465f      0x5eb Output/twi_scanner_pca10040 Release/Obj/nrf_memobj.o
 .debug_line    0x0000000000004c4a      0x4e3 Output/twi_scanner_pca10040 Release/Obj/nrf_ringbuf.o
 .debug_line    0x000000000000512d      0x693 Output/twi_scanner_pca10040 Release/Obj/nrf_drv_twi.o
 .debug_line    0x00000000000057c0      0x6c2 Output/twi_scanner_pca10040 Release/Obj/nrfx_prs.o
 .debug_line    0x0000000000005e82      0xbea Output/twi_scanner_pca10040 Release/Obj/nrfx_twim.o
 .debug_line    0x0000000000006a6c      0x8ac Output/twi_scanner_pca10040 Release/Obj/main.o
 .debug_line    0x0000000000007318      0x831 Output/twi_scanner_pca10040 Release/Obj/SEGGER_RTT.o
 .debug_line    0x0000000000007b49       0xb4 Output/twi_scanner_pca10040 Release/Obj/ses_startup_nrf52.o
 .debug_line    0x0000000000007bfd       0xd8 Output/twi_scanner_pca10040 Release/Obj/ses_startup_nrf_common.o
 .debug_line    0x0000000000007cd5      0x2e2 Output/twi_scanner_pca10040 Release/Obj/system_nrf52.o

.debug_info     0x0000000000000000    0x14ea4
 .debug_info    0x0000000000000000       0x22 Output/twi_scanner_pca10040 Release/Obj/thumb_crt0.o
 .debug_info    0x0000000000000022      0xd1c Output/twi_scanner_pca10040 Release/Obj/nrf_log_backend_rtt.o
 .debug_info    0x0000000000000d3e      0xdad Output/twi_scanner_pca10040 Release/Obj/nrf_log_backend_serial.o
 .debug_info    0x0000000000001aeb      0x980 Output/twi_scanner_pca10040 Release/Obj/nrf_log_default_backends.o
 .debug_info    0x000000000000246b     0x2509 Output/twi_scanner_pca10040 Release/Obj/nrf_log_frontend.o
 .debug_info    0x0000000000004974      0xf17 Output/twi_scanner_pca10040 Release/Obj/nrf_log_str_formatter.o
 .debug_info    0x000000000000588b      0x7e8 Output/twi_scanner_pca10040 Release/Obj/app_error.o
 .debug_info    0x0000000000006073      0xbd2 Output/twi_scanner_pca10040 Release/Obj/app_error_weak.o
 .debug_info    0x0000000000006c45      0xc6f Output/twi_scanner_pca10040 Release/Obj/app_util_platform.o
 .debug_info    0x00000000000078b4      0xd9e Output/twi_scanner_pca10040 Release/Obj/nrf_atomic.o
 .debug_info    0x0000000000008652      0xa0f Output/twi_scanner_pca10040 Release/Obj/nrf_balloc.o
 .debug_info    0x0000000000009061      0x772 Output/twi_scanner_pca10040 Release/Obj/nrf_fprintf.o
 .debug_info    0x00000000000097d3      0xb91 Output/twi_scanner_pca10040 Release/Obj/nrf_fprintf_format.o
 .debug_info    0x000000000000a364      0xe67 Output/twi_scanner_pca10040 Release/Obj/nrf_memobj.o
 .debug_info    0x000000000000b1cb      0xaf5 Output/twi_scanner_pca10040 Release/Obj/nrf_ringbuf.o
 .debug_info    0x000000000000bcc0     0x1829 Output/twi_scanner_pca10040 Release/Obj/nrf_drv_twi.o
 .debug_info    0x000000000000d4e9      0xd77 Output/twi_scanner_pca10040 Release/Obj/nrfx_prs.o
 .debug_info    0x000000000000e260     0x2dbd Output/twi_scanner_pca10040 Release/Obj/nrfx_twim.o
 .debug_info    0x000000000001101d     0x1477 Output/twi_scanner_pca10040 Release/Obj/main.o
 .debug_info    0x0000000000012494     0x18e1 Output/twi_scanner_pca10040 Release/Obj/SEGGER_RTT.o
 .debug_info    0x0000000000013d75       0x26 Output/twi_scanner_pca10040 Release/Obj/ses_startup_nrf52.o
 .debug_info    0x0000000000013d9b       0x26 Output/twi_scanner_pca10040 Release/Obj/ses_startup_nrf_common.o
 .debug_info    0x0000000000013dc1     0x10e3 Output/twi_scanner_pca10040 Release/Obj/system_nrf52.o

.debug_abbrev   0x0000000000000000     0x34a7
 .debug_abbrev  0x0000000000000000       0x12 Output/twi_scanner_pca10040 Release/Obj/thumb_crt0.o
 .debug_abbrev  0x0000000000000012      0x2a7 Output/twi_scanner_pca10040 Release/Obj/nrf_log_backend_rtt.o
 .debug_abbrev  0x00000000000002b9      0x237 Output/twi_scanner_pca10040 Release/Obj/nrf_log_backend_serial.o
 .debug_abbrev  0x00000000000004f0      0x1da Output/twi_scanner_pca10040 Release/Obj/nrf_log_default_backends.o
 .debug_abbrev  0x00000000000006ca      0x549 Output/twi_scanner_pca10040 Release/Obj/nrf_log_frontend.o
 .debug_abbrev  0x0000000000000c13      0x264 Output/twi_scanner_pca10040 Release/Obj/nrf_log_str_formatter.o
 .debug_abbrev  0x0000000000000e77      0x1a9 Output/twi_scanner_pca10040 Release/Obj/app_error.o
 .debug_abbrev  0x0000000000001020      0x229 Output/twi_scanner_pca10040 Release/Obj/app_error_weak.o
 .debug_abbrev  0x0000000000001249      0x273 Output/twi_scanner_pca10040 Release/Obj/app_util_platform.o
 .debug_abbrev  0x00000000000014bc      0x220 Output/twi_scanner_pca10040 Release/Obj/nrf_atomic.o
 .debug_abbrev  0x00000000000016dc      0x25d Output/twi_scanner_pca10040 Release/Obj/nrf_balloc.o
 .debug_abbrev  0x0000000000001939      0x1ae Output/twi_scanner_pca10040 Release/Obj/nrf_fprintf.o
 .debug_abbrev  0x0000000000001ae7      0x2da Output/twi_scanner_pca10040 Release/Obj/nrf_fprintf_format.o
 .debug_abbrev  0x0000000000001dc1      0x247 Output/twi_scanner_pca10040 Release/Obj/nrf_memobj.o
 .debug_abbrev  0x0000000000002008      0x1bf Output/twi_scanner_pca10040 Release/Obj/nrf_ringbuf.o
 .debug_abbrev  0x00000000000021c7      0x39b Output/twi_scanner_pca10040 Release/Obj/nrf_drv_twi.o
 .debug_abbrev  0x0000000000002562      0x2a3 Output/twi_scanner_pca10040 Release/Obj/nrfx_prs.o
 .debug_abbrev  0x0000000000002805      0x4ab Output/twi_scanner_pca10040 Release/Obj/nrfx_twim.o
 .debug_abbrev  0x0000000000002cb0      0x2e4 Output/twi_scanner_pca10040 Release/Obj/main.o
 .debug_abbrev  0x0000000000002f94      0x2e3 Output/twi_scanner_pca10040 Release/Obj/SEGGER_RTT.o
 .debug_abbrev  0x0000000000003277       0x14 Output/twi_scanner_pca10040 Release/Obj/ses_startup_nrf52.o
 .debug_abbrev  0x000000000000328b       0x14 Output/twi_scanner_pca10040 Release/Obj/ses_startup_nrf_common.o
 .debug_abbrev  0x000000000000329f      0x208 Output/twi_scanner_pca10040 Release/Obj/system_nrf52.o

.debug_aranges  0x0000000000000000      0x708
 .debug_aranges
                0x0000000000000000       0x80 Output/twi_scanner_pca10040 Release/Obj/thumb_crt0.o
 .debug_aranges
                0x0000000000000080       0x38 Output/twi_scanner_pca10040 Release/Obj/nrf_log_backend_rtt.o
 .debug_aranges
                0x00000000000000b8       0x20 Output/twi_scanner_pca10040 Release/Obj/nrf_log_backend_serial.o
 .debug_aranges
                0x00000000000000d8       0x20 Output/twi_scanner_pca10040 Release/Obj/nrf_log_default_backends.o
 .debug_aranges
                0x00000000000000f8       0xd0 Output/twi_scanner_pca10040 Release/Obj/nrf_log_frontend.o
 .debug_aranges
                0x00000000000001c8       0x40 Output/twi_scanner_pca10040 Release/Obj/nrf_log_str_formatter.o
 .debug_aranges
                0x0000000000000208       0x28 Output/twi_scanner_pca10040 Release/Obj/app_error.o
 .debug_aranges
                0x0000000000000230       0x20 Output/twi_scanner_pca10040 Release/Obj/app_error_weak.o
 .debug_aranges
                0x0000000000000250       0x48 Output/twi_scanner_pca10040 Release/Obj/app_util_platform.o
 .debug_aranges
                0x0000000000000298       0xb0 Output/twi_scanner_pca10040 Release/Obj/nrf_atomic.o
 .debug_aranges
                0x0000000000000348       0x30 Output/twi_scanner_pca10040 Release/Obj/nrf_balloc.o
 .debug_aranges
                0x0000000000000378       0x28 Output/twi_scanner_pca10040 Release/Obj/nrf_fprintf.o
 .debug_aranges
                0x00000000000003a0       0x30 Output/twi_scanner_pca10040 Release/Obj/nrf_fprintf_format.o
 .debug_aranges
                0x00000000000003d0       0x58 Output/twi_scanner_pca10040 Release/Obj/nrf_memobj.o
 .debug_aranges
                0x0000000000000428       0x50 Output/twi_scanner_pca10040 Release/Obj/nrf_ringbuf.o
 .debug_aranges
                0x0000000000000478       0x30 Output/twi_scanner_pca10040 Release/Obj/nrf_drv_twi.o
 .debug_aranges
                0x00000000000004a8       0x30 Output/twi_scanner_pca10040 Release/Obj/nrfx_prs.o
 .debug_aranges
                0x00000000000004d8       0x88 Output/twi_scanner_pca10040 Release/Obj/nrfx_twim.o
 .debug_aranges
                0x0000000000000560       0x28 Output/twi_scanner_pca10040 Release/Obj/main.o
 .debug_aranges
                0x0000000000000588      0x108 Output/twi_scanner_pca10040 Release/Obj/SEGGER_RTT.o
 .debug_aranges
                0x0000000000000690       0x20 Output/twi_scanner_pca10040 Release/Obj/ses_startup_nrf52.o
 .debug_aranges
                0x00000000000006b0       0x20 Output/twi_scanner_pca10040 Release/Obj/ses_startup_nrf_common.o
 .debug_aranges
                0x00000000000006d0       0x38 Output/twi_scanner_pca10040 Release/Obj/system_nrf52.o

.debug_str      0x0000000000000000    0x758a6
 .debug_str     0x0000000000000000       0xe3 Output/twi_scanner_pca10040 Release/Obj/thumb_crt0.o
 .debug_str     0x00000000000000e3    0x6d836 Output/twi_scanner_pca10040 Release/Obj/nrf_log_backend_rtt.o
                                      0x6e716 (size before relaxing)
 .debug_str     0x000000000006d919      0x27b Output/twi_scanner_pca10040 Release/Obj/nrf_log_backend_serial.o
                                      0x6b1bf (size before relaxing)
 .debug_str     0x000000000006db94      0x15b Output/twi_scanner_pca10040 Release/Obj/nrf_log_default_backends.o
                                      0x6af74 (size before relaxing)
 .debug_str     0x000000000006dcef     0x13ba Output/twi_scanner_pca10040 Release/Obj/nrf_log_frontend.o
                                      0x6c421 (size before relaxing)
 .debug_str     0x000000000006f0a9      0x2fe Output/twi_scanner_pca10040 Release/Obj/nrf_log_str_formatter.o
                                      0x6b2f6 (size before relaxing)
 .debug_str     0x000000000006f3a7      0x14b Output/twi_scanner_pca10040 Release/Obj/app_error.o
                                      0x5d1bb (size before relaxing)
 .debug_str     0x000000000006f4f2      0x119 Output/twi_scanner_pca10040 Release/Obj/app_error_weak.o
                                      0x6b644 (size before relaxing)
 .debug_str     0x000000000006f60b      0x416 Output/twi_scanner_pca10040 Release/Obj/app_util_platform.o
                                      0x5d9ad (size before relaxing)
 .debug_str     0x000000000006fa21      0x6ff Output/twi_scanner_pca10040 Release/Obj/nrf_atomic.o
                                      0x676d6 (size before relaxing)
 .debug_str     0x0000000000070120      0x1a4 Output/twi_scanner_pca10040 Release/Obj/nrf_balloc.o
                                      0x6b00b (size before relaxing)
 .debug_str     0x00000000000702c4      0x142 Output/twi_scanner_pca10040 Release/Obj/nrf_fprintf.o
                                      0x67270 (size before relaxing)
 .debug_str     0x0000000000070406      0x15d Output/twi_scanner_pca10040 Release/Obj/nrf_fprintf_format.o
                                      0x67365 (size before relaxing)
 .debug_str     0x0000000000070563      0x1ec Output/twi_scanner_pca10040 Release/Obj/nrf_memobj.o
                                      0x693a1 (size before relaxing)
 .debug_str     0x000000000007074f      0x122 Output/twi_scanner_pca10040 Release/Obj/nrf_ringbuf.o
                                      0x67ac7 (size before relaxing)
 .debug_str     0x0000000000070871     0x1c50 Output/twi_scanner_pca10040 Release/Obj/nrf_drv_twi.o
                                      0x6bdab (size before relaxing)
 .debug_str     0x00000000000724c1      0x74c Output/twi_scanner_pca10040 Release/Obj/nrfx_prs.o
                                      0x6d728 (size before relaxing)
 .debug_str     0x0000000000072c0d     0x10ed Output/twi_scanner_pca10040 Release/Obj/nrfx_twim.o
                                      0x6f12a (size before relaxing)
 .debug_str     0x0000000000073cfa     0x10d4 Output/twi_scanner_pca10040 Release/Obj/main.o
                                      0x7095b (size before relaxing)
 .debug_str     0x0000000000074dce      0x561 Output/twi_scanner_pca10040 Release/Obj/SEGGER_RTT.o
                                      0x606ef (size before relaxing)
 .debug_str     0x000000000007532f       0x77 Output/twi_scanner_pca10040 Release/Obj/ses_startup_nrf52.o
                                        0x10a (size before relaxing)
 .debug_str     0x00000000000753a6       0x7c Output/twi_scanner_pca10040 Release/Obj/ses_startup_nrf_common.o
                                        0x10f (size before relaxing)
 .debug_str     0x0000000000075422      0x484 Output/twi_scanner_pca10040 Release/Obj/system_nrf52.o
                                      0x5bb12 (size before relaxing)

.debug_ranges   0x0000000000000000      0xac0
 .debug_ranges  0x0000000000000000       0x78 Output/twi_scanner_pca10040 Release/Obj/thumb_crt0.o
 .debug_ranges  0x0000000000000078       0x60 Output/twi_scanner_pca10040 Release/Obj/nrf_log_backend_rtt.o
 .debug_ranges  0x00000000000000d8       0x28 Output/twi_scanner_pca10040 Release/Obj/nrf_log_backend_serial.o
 .debug_ranges  0x0000000000000100       0x10 Output/twi_scanner_pca10040 Release/Obj/nrf_log_default_backends.o
 .debug_ranges  0x0000000000000110      0x2e0 Output/twi_scanner_pca10040 Release/Obj/nrf_log_frontend.o
 .debug_ranges  0x00000000000003f0       0x60 Output/twi_scanner_pca10040 Release/Obj/nrf_log_str_formatter.o
 .debug_ranges  0x0000000000000450       0x18 Output/twi_scanner_pca10040 Release/Obj/app_error.o
 .debug_ranges  0x0000000000000468       0x10 Output/twi_scanner_pca10040 Release/Obj/app_error_weak.o
 .debug_ranges  0x0000000000000478       0x38 Output/twi_scanner_pca10040 Release/Obj/app_util_platform.o
 .debug_ranges  0x00000000000004b0       0xb8 Output/twi_scanner_pca10040 Release/Obj/nrf_atomic.o
 .debug_ranges  0x0000000000000568       0x20 Output/twi_scanner_pca10040 Release/Obj/nrf_balloc.o
 .debug_ranges  0x0000000000000588       0x18 Output/twi_scanner_pca10040 Release/Obj/nrf_fprintf.o
 .debug_ranges  0x00000000000005a0       0x58 Output/twi_scanner_pca10040 Release/Obj/nrf_fprintf_format.o
 .debug_ranges  0x00000000000005f8       0x48 Output/twi_scanner_pca10040 Release/Obj/nrf_memobj.o
 .debug_ranges  0x0000000000000640       0x40 Output/twi_scanner_pca10040 Release/Obj/nrf_ringbuf.o
 .debug_ranges  0x0000000000000680       0xb8 Output/twi_scanner_pca10040 Release/Obj/nrf_drv_twi.o
 .debug_ranges  0x0000000000000738       0x50 Output/twi_scanner_pca10040 Release/Obj/nrfx_prs.o
 .debug_ranges  0x0000000000000788      0x1e8 Output/twi_scanner_pca10040 Release/Obj/nrfx_twim.o
 .debug_ranges  0x0000000000000970       0x30 Output/twi_scanner_pca10040 Release/Obj/main.o
 .debug_ranges  0x00000000000009a0       0xf8 Output/twi_scanner_pca10040 Release/Obj/SEGGER_RTT.o
 .debug_ranges  0x0000000000000a98       0x28 Output/twi_scanner_pca10040 Release/Obj/system_nrf52.o

.debug_frame    0x0000000000000000     0x1238
 .debug_frame   0x0000000000000000       0x88 Output/twi_scanner_pca10040 Release/Obj/nrf_log_backend_rtt.o
 .debug_frame   0x0000000000000088       0x48 Output/twi_scanner_pca10040 Release/Obj/nrf_log_backend_serial.o
 .debug_frame   0x00000000000000d0       0x2c Output/twi_scanner_pca10040 Release/Obj/nrf_log_default_backends.o
 .debug_frame   0x00000000000000fc      0x304 Output/twi_scanner_pca10040 Release/Obj/nrf_log_frontend.o
 .debug_frame   0x0000000000000400      0x100 Output/twi_scanner_pca10040 Release/Obj/nrf_log_str_formatter.o
 .debug_frame   0x0000000000000500       0x58 Output/twi_scanner_pca10040 Release/Obj/app_error.o
 .debug_frame   0x0000000000000558       0x2c Output/twi_scanner_pca10040 Release/Obj/app_error_weak.o
 .debug_frame   0x0000000000000584       0x70 Output/twi_scanner_pca10040 Release/Obj/app_util_platform.o
 .debug_frame   0x00000000000005f4      0x150 Output/twi_scanner_pca10040 Release/Obj/nrf_atomic.o
 .debug_frame   0x0000000000000744       0x78 Output/twi_scanner_pca10040 Release/Obj/nrf_balloc.o
 .debug_frame   0x00000000000007bc       0x6c Output/twi_scanner_pca10040 Release/Obj/nrf_fprintf.o
 .debug_frame   0x0000000000000828       0xc0 Output/twi_scanner_pca10040 Release/Obj/nrf_fprintf_format.o
 .debug_frame   0x00000000000008e8      0x118 Output/twi_scanner_pca10040 Release/Obj/nrf_memobj.o
 .debug_frame   0x0000000000000a00       0xf0 Output/twi_scanner_pca10040 Release/Obj/nrf_ringbuf.o
 .debug_frame   0x0000000000000af0       0x80 Output/twi_scanner_pca10040 Release/Obj/nrf_drv_twi.o
 .debug_frame   0x0000000000000b70       0x50 Output/twi_scanner_pca10040 Release/Obj/nrfx_prs.o
 .debug_frame   0x0000000000000bc0      0x1ac Output/twi_scanner_pca10040 Release/Obj/nrfx_twim.o
 .debug_frame   0x0000000000000d6c       0x54 Output/twi_scanner_pca10040 Release/Obj/main.o
 .debug_frame   0x0000000000000dc0      0x41c Output/twi_scanner_pca10040 Release/Obj/SEGGER_RTT.o
 .debug_frame   0x00000000000011dc       0x5c Output/twi_scanner_pca10040 Release/Obj/system_nrf52.o

.debug_loc      0x0000000000000000     0x5d3d
 .debug_loc     0x0000000000000000      0x181 Output/twi_scanner_pca10040 Release/Obj/nrf_log_backend_rtt.o
 .debug_loc     0x0000000000000181      0x145 Output/twi_scanner_pca10040 Release/Obj/nrf_log_backend_serial.o
 .debug_loc     0x00000000000002c6       0x15 Output/twi_scanner_pca10040 Release/Obj/nrf_log_default_backends.o
 .debug_loc     0x00000000000002db     0x136c Output/twi_scanner_pca10040 Release/Obj/nrf_log_frontend.o
 .debug_loc     0x0000000000001647      0x32b Output/twi_scanner_pca10040 Release/Obj/nrf_log_str_formatter.o
 .debug_loc     0x0000000000001972       0xb5 Output/twi_scanner_pca10040 Release/Obj/app_error.o
 .debug_loc     0x0000000000001a27       0x63 Output/twi_scanner_pca10040 Release/Obj/app_error_weak.o
 .debug_loc     0x0000000000001a8a       0x8b Output/twi_scanner_pca10040 Release/Obj/app_util_platform.o
 .debug_loc     0x0000000000001b15      0x2c0 Output/twi_scanner_pca10040 Release/Obj/nrf_atomic.o
 .debug_loc     0x0000000000001dd5      0x16a Output/twi_scanner_pca10040 Release/Obj/nrf_balloc.o
 .debug_loc     0x0000000000001f3f       0x3f Output/twi_scanner_pca10040 Release/Obj/nrf_fprintf.o
 .debug_loc     0x0000000000001f7e      0x854 Output/twi_scanner_pca10040 Release/Obj/nrf_fprintf_format.o
 .debug_loc     0x00000000000027d2      0x755 Output/twi_scanner_pca10040 Release/Obj/nrf_memobj.o
 .debug_loc     0x0000000000002f27      0x616 Output/twi_scanner_pca10040 Release/Obj/nrf_ringbuf.o
 .debug_loc     0x000000000000353d      0x30e Output/twi_scanner_pca10040 Release/Obj/nrf_drv_twi.o
 .debug_loc     0x000000000000384b       0x8f Output/twi_scanner_pca10040 Release/Obj/nrfx_prs.o
 .debug_loc     0x00000000000038da     0x104c Output/twi_scanner_pca10040 Release/Obj/nrfx_twim.o
 .debug_loc     0x0000000000004926      0x136 Output/twi_scanner_pca10040 Release/Obj/main.o
 .debug_loc     0x0000000000004a5c     0x12e1 Output/twi_scanner_pca10040 Release/Obj/SEGGER_RTT.o

.debug_pubnames
                0x0000000000000000     0x294f
 .debug_pubnames
                0x0000000000000000      0x12a Output/twi_scanner_pca10040 Release/Obj/nrf_log_backend_rtt.o
 .debug_pubnames
                0x000000000000012a       0x31 Output/twi_scanner_pca10040 Release/Obj/nrf_log_backend_serial.o
 .debug_pubnames
                0x000000000000015b      0x12b Output/twi_scanner_pca10040 Release/Obj/nrf_log_default_backends.o
 .debug_pubnames
                0x0000000000000286      0x5b3 Output/twi_scanner_pca10040 Release/Obj/nrf_log_frontend.o
 .debug_pubnames
                0x0000000000000839      0x1bd Output/twi_scanner_pca10040 Release/Obj/nrf_log_str_formatter.o
 .debug_pubnames
                0x00000000000009f6       0x6c Output/twi_scanner_pca10040 Release/Obj/app_error.o
 .debug_pubnames
                0x0000000000000a62      0x10e Output/twi_scanner_pca10040 Release/Obj/app_error_weak.o
 .debug_pubnames
                0x0000000000000b70      0x204 Output/twi_scanner_pca10040 Release/Obj/app_util_platform.o
 .debug_pubnames
                0x0000000000000d74      0x233 Output/twi_scanner_pca10040 Release/Obj/nrf_atomic.o
 .debug_pubnames
                0x0000000000000fa7      0x126 Output/twi_scanner_pca10040 Release/Obj/nrf_balloc.o
 .debug_pubnames
                0x00000000000010cd       0x3f Output/twi_scanner_pca10040 Release/Obj/nrf_fprintf.o
 .debug_pubnames
                0x000000000000110c       0x67 Output/twi_scanner_pca10040 Release/Obj/nrf_fprintf_format.o
 .debug_pubnames
                0x0000000000001173       0xb1 Output/twi_scanner_pca10040 Release/Obj/nrf_memobj.o
 .debug_pubnames
                0x0000000000001224       0xaa Output/twi_scanner_pca10040 Release/Obj/nrf_ringbuf.o
 .debug_pubnames
                0x00000000000012ce      0x195 Output/twi_scanner_pca10040 Release/Obj/nrf_drv_twi.o
 .debug_pubnames
                0x0000000000001463      0x13f Output/twi_scanner_pca10040 Release/Obj/nrfx_prs.o
 .debug_pubnames
                0x00000000000015a2      0xc4d Output/twi_scanner_pca10040 Release/Obj/nrfx_twim.o
 .debug_pubnames
                0x00000000000021ef      0x27e Output/twi_scanner_pca10040 Release/Obj/main.o
 .debug_pubnames